383801 mmap(NULL, 8192, PROT_READ|PROT_WRITE, MAP_PRIVATE|MAP_ANONYMOUS, -1, 0 <unfinished ...>
383802 close(5 <unfinished ...>
383801 <... mmap resumed>)              = 0x7ff0f008b000
383801 pread64(6,  <unfinished ...>
383802 <... close resumed>)             = 0
383802 openat(AT_FDCWD, "/lib/x86_64-linux-gnu/libpcre2-8.so.0", O_RDONLY|O_CLOEXEC <unfinished ...>
383801 <... pread64 resumed>"\6\0\0\0\4\0\0\0@\0\0\0\0\0\0\0@\0\0\0\0\0\0\0@\0\0\0\0\0\0\0"..., 784, 64) = 784
383801 pread64(6, "\4\0\0\0\20\0\0\0\5\0\0\0GNU\0\2\0\0\300\4\0\0\0\3\0\0\0\0\0\0\0", 32, 848) = 32
383801 pread64(6, "\4\0\0\0\24\0\0\0\3\0\0\0GNU\0\30x\346\264ur\f|Q\226\236i\253-'o"..., 68, 880) = 68
383802 <... openat resumed>)            = 5
383801 mmap(NULL, 2037344, PROT_READ, MAP_PRIVATE|MAP_DENYWRITE, 6, 0) = 0x7ff0efe99000
383802 read(5, "\177ELF\2\1\1\0\0\0\0\0\0\0\0\0\3\0>\0\1\0\0\0\340\"\0\0\0\0\0\0"..., 832) = 832
383801 mmap(0x7ff0efebb000, 1540096, PROT_READ|PROT_EXEC, MAP_PRIVATE|MAP_FIXED|MAP_DENYWRITE, 6, 0x22000) = 0x7ff0efebb000
383802 fstat(5, {st_mode=S_IFREG|0644, st_size=588488, ...}) = 0
383802 mmap(NULL, 590632, PROT_READ, MAP_PRIVATE|MAP_DENYWRITE, 5, 0) = 0x7f463e4cd000
383801 mmap(0x7ff0f0033000, 319488, PROT_READ, MAP_PRIVATE|MAP_FIXED|MAP_DENYWRITE, 6, 0x19a000 <unfinished ...>
383802 mmap(0x7f463e4cf000, 413696, PROT_READ|PROT_EXEC, MAP_PRIVATE|MAP_FIXED|MAP_DENYWRITE, 5, 0x2000 <unfinished ...>
383801 <... mmap resumed>)              = 0x7ff0f0033000
383802 <... mmap resumed>)              = 0x7f463e4cf000
383801 mmap(0x7ff0f0081000, 24576, PROT_READ|PROT_WRITE, MAP_PRIVATE|MAP_FIXED|MAP_DENYWRITE, 6, 0x1e7000 <unfinished ...>
383802 mmap(0x7f463e534000, 163840, PROT_READ, MAP_PRIVATE|MAP_FIXED|MAP_DENYWRITE, 5, 0x67000 <unfinished ...>
383801 <... mmap resumed>)              = 0x7ff0f0081000
383802 <... mmap resumed>)              = 0x7f463e534000
383801 mmap(0x7ff0f0087000, 13920, PROT_READ|PROT_WRITE, MAP_PRIVATE|MAP_FIXED|MAP_ANONYMOUS, -1, 0 <unfinished ...>
383802 mmap(0x7f463e55c000, 8192, PROT_READ|PROT_WRITE, MAP_PRIVATE|MAP_FIXED|MAP_DENYWRITE, 5, 0x8e000) = 0x7f463e55c000
383801 <... mmap resumed>)              = 0x7ff0f0087000
383802 close(5 <unfinished ...>
383801 close(6)                         = 0
383802 <... close resumed>)             = 0
383801 arch_prctl(ARCH_SET_FS, 0x7ff0f008c580 <unfinished ...>
383802 openat(AT_FDCWD, "/lib/x86_64-linux-gnu/libdl.so.2", O_RDONLY|O_CLOEXEC) = 5
383802 read(5,  <unfinished ...>
383801 <... arch_prctl resumed>)        = 0
383802 <... read resumed>"\177ELF\2\1\1\0\0\0\0\0\0\0\0\0\3\0>\0\1\0\0\0 \22\0\0\0\0\0\0"..., 832) = 832
383801 mprotect(0x7ff0f0081000, 16384, PROT_READ <unfinished ...>
383802 fstat(5, {st_mode=S_IFREG|0644, st_size=18848, ...}) = 0
383802 mmap(NULL, 20752, PROT_READ, MAP_PRIVATE|MAP_DENYWRITE, 5, 0) = 0x7f463e4c7000
383802 mmap(0x7f463e4c8000, 8192, PROT_READ|PROT_EXEC, MAP_PRIVATE|MAP_FIXED|MAP_DENYWRITE, 5, 0x1000) = 0x7f463e4c8000
383802 mmap(0x7f463e4ca000, 4096, PROT_READ, MAP_PRIVATE|MAP_FIXED|MAP_DENYWRITE, 5, 0x3000) = 0x7f463e4ca000
383802 mmap(0x7f463e4cb000, 8192, PROT_READ|PROT_WRITE, MAP_PRIVATE|MAP_FIXED|MAP_DENYWRITE, 5, 0x3000) = 0x7f463e4cb000
383802 close(5 <unfinished ...>
383801 <... mprotect resumed>)          = 0
383801 mprotect(0x5597db8ee000, 4096, PROT_READ <unfinished ...>
383802 <... close resumed>)             = 0
383802 openat(AT_FDCWD, "/lib/x86_64-linux-gnu/libpthread.so.0", O_RDONLY|O_CLOEXEC) = 5
383801 <... mprotect resumed>)          = 0
383802 read(5,  <unfinished ...>
383801 mprotect(0x7ff0f00c9000, 4096, PROT_READ <unfinished ...>
383802 <... read resumed>"\177ELF\2\1\1\0\0\0\0\0\0\0\0\0\3\0>\0\1\0\0\0\220q\0\0\0\0\0\0"..., 832) = 832
383802 pread64(5,  <unfinished ...>
383801 <... mprotect resumed>)          = 0
383802 <... pread64 resumed>"\4\0\0\0\24\0\0\0\3\0\0\0GNU\0{E6\364\34\332\245\210\204\10\350-\0106\343="..., 68, 824) = 68
383802 fstat(5, {st_mode=S_IFREG|0755, st_size=157224, ...}) = 0
383801 munmap(0x7ff0f008d000, 59364 <unfinished ...>
383802 pread64(5,  <unfinished ...>
383801 <... munmap resumed>)            = 0
383802 <... pread64 resumed>"\4\0\0\0\24\0\0\0\3\0\0\0GNU\0{E6\364\34\332\245\210\204\10\350-\0106\343="..., 68, 824) = 68
383802 mmap(NULL, 140408, PROT_READ, MAP_PRIVATE|MAP_DENYWRITE, 5, 0) = 0x7f463e4a4000
383802 mmap(0x7f463e4aa000, 69632, PROT_READ|PROT_EXEC, MAP_PRIVATE|MAP_FIXED|MAP_DENYWRITE, 5, 0x6000 <unfinished ...>
383801 brk(NULL <unfinished ...>
383802 <... mmap resumed>)              = 0x7f463e4aa000
383802 mmap(0x7f463e4bb000, 24576, PROT_READ, MAP_PRIVATE|MAP_FIXED|MAP_DENYWRITE, 5, 0x17000) = 0x7f463e4bb000
383802 mmap(0x7f463e4c1000, 8192, PROT_READ|PROT_WRITE, MAP_PRIVATE|MAP_FIXED|MAP_DENYWRITE, 5, 0x1c000) = 0x7f463e4c1000
383802 mmap(0x7f463e4c3000, 13432, PROT_READ|PROT_WRITE, MAP_PRIVATE|MAP_FIXED|MAP_ANONYMOUS, -1, 0) = 0x7f463e4c3000
383802 close(5)                         = 0
383802 mmap(NULL, 8192, PROT_READ|PROT_WRITE, MAP_PRIVATE|MAP_ANONYMOUS, -1, 0) = 0x7f463e4a2000
383802 arch_prctl(ARCH_SET_FS, 0x7f463e4a3400 <unfinished ...>
383801 <... brk resumed>)               = 0x5597dcb14000
383801 brk(0x5597dcb35000)              = 0x5597dcb35000
383801 openat(AT_FDCWD, "/usr/lib/locale/locale-archive", O_RDONLY|O_CLOEXEC <unfinished ...>
383802 <... arch_prctl resumed>)        = 0
383802 mprotect(0x7f463e746000, 16384, PROT_READ <unfinished ...>
383801 <... openat resumed>)            = 6
383801 fstat(6, {st_mode=S_IFREG|0644, st_size=3035952, ...}) = 0
383801 mmap(NULL, 3035952, PROT_READ, MAP_PRIVATE, 6, 0) = 0x7ff0efbb3000
383801 close(6)                         = 0
383801 openat(AT_FDCWD, "/usr/share/locale/locale.alias", O_RDONLY|O_CLOEXEC) = 6
383802 <... mprotect resumed>)          = 0
383801 fstat(6,  <unfinished ...>
383802 mprotect(0x7f463e4c1000, 4096, PROT_READ <unfinished ...>
383801 <... fstat resumed>{st_mode=S_IFREG|0644, st_size=2996, ...}) = 0
383801 read(6,  <unfinished ...>
383802 <... mprotect resumed>)          = 0
383801 <... read resumed>"# Locale name alias data base.\n#"..., 4096) = 2996
383801 read(6,  <unfinished ...>
383802 mprotect(0x7f463e4cb000, 4096, PROT_READ) = 0
383801 <... read resumed>"", 4096)      = 0
383802 mprotect(0x7f463e55c000, 4096, PROT_READ) = 0
383801 close(6 <unfinished ...>
383802 mprotect(0x7f463e777000, 4096, PROT_READ <unfinished ...>
383801 <... close resumed>)             = 0
383802 <... mprotect resumed>)          = 0
383801 openat(AT_FDCWD, "/usr/lib/locale/C.UTF-8/LC_IDENTIFICATION", O_RDONLY|O_CLOEXEC <unfinished ...>
383802 mprotect(0x565056aea000, 4096, PROT_READ <unfinished ...>
383801 <... openat resumed>)            = 6
383801 fstat(6,  <unfinished ...>
383802 <... mprotect resumed>)          = 0
383801 <... fstat resumed>{st_mode=S_IFREG|0644, st_size=252, ...}) = 0
383802 mprotect(0x7f463e7b9000, 4096, PROT_READ <unfinished ...>
383801 mmap(NULL, 252, PROT_READ, MAP_PRIVATE, 6, 0 <unfinished ...>
383802 <... mprotect resumed>)          = 0
383801 <... mmap resumed>)              = 0x7ff0f00c8000
383802 munmap(0x7f463e77d000, 59364 <unfinished ...>
383801 close(6 <unfinished ...>
383802 <... munmap resumed>)            = 0
383801 <... close resumed>)             = 0
383802 set_tid_address(0x7f463e4a36d0 <unfinished ...>
383801 openat(AT_FDCWD, "/usr/lib/x86_64-linux-gnu/gconv/gconv-modules.cache", O_RDONLY <unfinished ...>
383802 <... set_tid_address resumed>)   = 383802
383801 <... openat resumed>)            = 6
383802 set_robust_list(0x7f463e4a36e0, 24 <unfinished ...>
383801 fstat(6,  <unfinished ...>
383802 <... set_robust_list resumed>)   = 0
383801 <... fstat resumed>{st_mode=S_IFREG|0644, st_size=27002, ...}) = 0
383802 rt_sigaction(SIGRTMIN, {sa_handler=0x7f463e4aabf0, sa_mask=[], sa_flags=SA_RESTORER|SA_SIGINFO, sa_restorer=0x7f463e4b8420},  <unfinished ...>
383801 mmap(NULL, 27002, PROT_READ, MAP_SHARED, 6, 0 <unfinished ...>
383802 <... rt_sigaction resumed>NULL, 8) = 0
383801 <... mmap resumed>)              = 0x7ff0f0095000
383802 rt_sigaction(SIGRT_1, {sa_handler=0x7f463e4aac90, sa_mask=[], sa_flags=SA_RESTORER|SA_RESTART|SA_SIGINFO, sa_restorer=0x7f463e4b8420},  <unfinished ...>
383801 close(6 <unfinished ...>
383802 <... rt_sigaction resumed>NULL, 8) = 0
383801 <... close resumed>)             = 0
383802 rt_sigprocmask(SIG_UNBLOCK, [RTMIN RT_1],  <unfinished ...>
383801 openat(AT_FDCWD, "/usr/lib/locale/C.UTF-8/LC_MEASUREMENT", O_RDONLY|O_CLOEXEC <unfinished ...>
383802 <... rt_sigprocmask resumed>NULL, 8) = 0
383801 <... openat resumed>)            = 6
383802 prlimit64(0, RLIMIT_STACK, NULL,  <unfinished ...>
383801 fstat(6,  <unfinished ...>
383802 <... prlimit64 resumed>{rlim_cur=8192*1024, rlim_max=RLIM64_INFINITY}) = 0
383801 <... fstat resumed>{st_mode=S_IFREG|0644, st_size=23, ...}) = 0
383802 statfs("/sys/fs/selinux",  <unfinished ...>
383801 mmap(NULL, 23, PROT_READ, MAP_PRIVATE, 6, 0 <unfinished ...>
383802 <... statfs resumed>0x7ffcfd20e770) = -1 ENOENT (No such file or directory)
383801 <... mmap resumed>)              = 0x7ff0f0094000
383802 statfs("/selinux",  <unfinished ...>
383801 close(6 <unfinished ...>
383802 <... statfs resumed>0x7ffcfd20e770) = -1 ENOENT (No such file or directory)
383801 <... close resumed>)             = 0
383802 brk(NULL <unfinished ...>
383801 openat(AT_FDCWD, "/usr/lib/locale/C.UTF-8/LC_TELEPHONE", O_RDONLY|O_CLOEXEC <unfinished ...>
383802 <... brk resumed>)               = 0x565057015000
383801 <... openat resumed>)            = 6
383802 brk(0x565057036000 <unfinished ...>
383801 fstat(6,  <unfinished ...>
383802 <... brk resumed>)               = 0x565057036000
383801 <... fstat resumed>{st_mode=S_IFREG|0644, st_size=47, ...}) = 0
383802 openat(AT_FDCWD, "/proc/filesystems", O_RDONLY|O_CLOEXEC <unfinished ...>
383801 mmap(NULL, 47, PROT_READ, MAP_PRIVATE, 6, 0 <unfinished ...>
383802 <... openat resumed>)            = 5
383801 <... mmap resumed>)              = 0x7ff0f0093000
383802 fstat(5,  <unfinished ...>
383801 close(6 <unfinished ...>
383802 <... fstat resumed>{st_mode=S_IFREG|0444, st_size=0, ...}) = 0
383801 <... close resumed>)             = 0
383802 read(5,  <unfinished ...>
383801 openat(AT_FDCWD, "/usr/lib/locale/C.UTF-8/LC_ADDRESS", O_RDONLY|O_CLOEXEC <unfinished ...>
383802 <... read resumed>"nodev\tsysfs\nnodev\ttmpfs\nnodev\tbd"..., 1024) = 402
383801 <... openat resumed>)            = 6
383802 read(5,  <unfinished ...>
383801 fstat(6,  <unfinished ...>
383802 <... read resumed>"", 1024)      = 0
383801 <... fstat resumed>{st_mode=S_IFREG|0644, st_size=131, ...}) = 0
383802 close(5 <unfinished ...>
383801 mmap(NULL, 131, PROT_READ, MAP_PRIVATE, 6, 0 <unfinished ...>
383802 <... close resumed>)             = 0
383801 <... mmap resumed>)              = 0x7ff0f0092000
383802 access("/etc/selinux/config", F_OK <unfinished ...>
383801 close(6 <unfinished ...>
383802 <... access resumed>)            = -1 ENOENT (No such file or directory)
383801 <... close resumed>)             = 0
383802 openat(AT_FDCWD, "/usr/lib/locale/locale-archive", O_RDONLY|O_CLOEXEC <unfinished ...>
383801 openat(AT_FDCWD, "/usr/lib/locale/C.UTF-8/LC_NAME", O_RDONLY|O_CLOEXEC <unfinished ...>
383802 <... openat resumed>)            = 5
383801 <... openat resumed>)            = 6
383802 fstat(5,  <unfinished ...>
383801 fstat(6,  <unfinished ...>
383802 <... fstat resumed>{st_mode=S_IFREG|0644, st_size=3035952, ...}) = 0
383801 <... fstat resumed>{st_mode=S_IFREG|0644, st_size=62, ...}) = 0
383802 mmap(NULL, 3035952, PROT_READ, MAP_PRIVATE, 5, 0 <unfinished ...>
383801 mmap(NULL, 62, PROT_READ, MAP_PRIVATE, 6, 0 <unfinished ...>
383802 <... mmap resumed>)              = 0x7f463e1bc000
383801 <... mmap resumed>)              = 0x7ff0f0091000
383802 close(5 <unfinished ...>
383801 close(6 <unfinished ...>
383802 <... close resumed>)             = 0
383801 <... close resumed>)             = 0
383802 openat(AT_FDCWD, "/usr/share/locale/locale.alias", O_RDONLY|O_CLOEXEC <unfinished ...>
383801 openat(AT_FDCWD, "/usr/lib/locale/C.UTF-8/LC_PAPER", O_RDONLY|O_CLOEXEC <unfinished ...>
383802 <... openat resumed>)            = 5
383801 <... openat resumed>)            = 6
383802 fstat(5,  <unfinished ...>
383801 fstat(6,  <unfinished ...>
383802 <... fstat resumed>{st_mode=S_IFREG|0644, st_size=2996, ...}) = 0
383801 <... fstat resumed>{st_mode=S_IFREG|0644, st_size=34, ...}) = 0
383802 read(5,  <unfinished ...>
383801 mmap(NULL, 34, PROT_READ, MAP_PRIVATE, 6, 0 <unfinished ...>
383802 <... read resumed>"# Locale name alias data base.\n#"..., 4096) = 2996
383801 <... mmap resumed>)              = 0x7ff0f0090000
383802 read(5,  <unfinished ...>
383801 close(6 <unfinished ...>
383802 <... read resumed>"", 4096)      = 0
383801 <... close resumed>)             = 0
383802 close(5 <unfinished ...>
383801 openat(AT_FDCWD, "/usr/lib/locale/C.UTF-8/LC_MESSAGES", O_RDONLY|O_CLOEXEC <unfinished ...>
383802 <... close resumed>)             = 0
383801 <... openat resumed>)            = 6
383802 openat(AT_FDCWD, "/usr/lib/locale/C.UTF-8/LC_IDENTIFICATION", O_RDONLY|O_CLOEXEC <unfinished ...>
383801 fstat(6,  <unfinished ...>
383802 <... openat resumed>)            = 5
383801 <... fstat resumed>{st_mode=S_IFDIR|0755, st_size=4096, ...}) = 0
383802 fstat(5,  <unfinished ...>
383801 close(6 <unfinished ...>
383802 <... fstat resumed>{st_mode=S_IFREG|0644, st_size=252, ...}) = 0
383801 <... close resumed>)             = 0
383802 mmap(NULL, 252, PROT_READ, MAP_PRIVATE, 5, 0 <unfinished ...>
383801 openat(AT_FDCWD, "/usr/lib/locale/C.UTF-8/LC_MESSAGES/SYS_LC_MESSAGES", O_RDONLY|O_CLOEXEC <unfinished ...>
383802 <... mmap resumed>)              = 0x7f463e7b8000
383801 <... openat resumed>)            = 6
383802 close(5 <unfinished ...>
383801 fstat(6,  <unfinished ...>
383802 <... close resumed>)             = 0
383801 <... fstat resumed>{st_mode=S_IFREG|0644, st_size=48, ...}) = 0
383802 openat(AT_FDCWD, "/usr/lib/x86_64-linux-gnu/gconv/gconv-modules.cache", O_RDONLY <unfinished ...>
383801 mmap(NULL, 48, PROT_READ, MAP_PRIVATE, 6, 0 <unfinished ...>
383802 <... openat resumed>)            = 5
383801 <... mmap resumed>)              = 0x7ff0f008f000
383802 fstat(5,  <unfinished ...>
383801 close(6 <unfinished ...>
383802 <... fstat resumed>{st_mode=S_IFREG|0644, st_size=27002, ...}) = 0
383801 <... close resumed>)             = 0
383802 mmap(NULL, 27002, PROT_READ, MAP_SHARED, 5, 0 <unfinished ...>
383801 openat(AT_FDCWD, "/usr/lib/locale/C.UTF-8/LC_MONETARY", O_RDONLY|O_CLOEXEC <unfinished ...>
383802 <... mmap resumed>)              = 0x7f463e785000
383801 <... openat resumed>)            = 6
383802 close(5 <unfinished ...>
383801 fstat(6,  <unfinished ...>
383802 <... close resumed>)             = 0
383801 <... fstat resumed>{st_mode=S_IFREG|0644, st_size=270, ...}) = 0
383802 futex(0x7f463e74b954, FUTEX_WAKE_PRIVATE, 2147483647 <unfinished ...>
383801 mmap(NULL, 270, PROT_READ, MAP_PRIVATE, 6, 0 <unfinished ...>
383802 <... futex resumed>)             = 0
383801 <... mmap resumed>)              = 0x7ff0f008e000
383802 openat(AT_FDCWD, "/usr/lib/locale/C.UTF-8/LC_MEASUREMENT", O_RDONLY|O_CLOEXEC <unfinished ...>
383801 close(6 <unfinished ...>
383802 <... openat resumed>)            = 5
383801 <... close resumed>)             = 0
383802 fstat(5,  <unfinished ...>
383801 openat(AT_FDCWD, "/usr/lib/locale/C.UTF-8/LC_COLLATE", O_RDONLY|O_CLOEXEC <unfinished ...>
383802 <... fstat resumed>{st_mode=S_IFREG|0644, st_size=23, ...}) = 0
383801 <... openat resumed>)            = 6
383802 mmap(NULL, 23, PROT_READ, MAP_PRIVATE, 5, 0 <unfinished ...>
383801 fstat(6,  <unfinished ...>
383802 <... mmap resumed>)              = 0x7f463e784000
383801 <... fstat resumed>{st_mode=S_IFREG|0644, st_size=1518110, ...}) = 0
383802 close(5 <unfinished ...>
383801 mmap(NULL, 1518110, PROT_READ, MAP_PRIVATE, 6, 0 <unfinished ...>
383802 <... close resumed>)             = 0
383801 <... mmap resumed>)              = 0x7ff0efa40000
383802 openat(AT_FDCWD, "/usr/lib/locale/C.UTF-8/LC_TELEPHONE", O_RDONLY|O_CLOEXEC <unfinished ...>
383801 close(6 <unfinished ...>
383802 <... openat resumed>)            = 5
383801 <... close resumed>)             = 0
383802 fstat(5,  <unfinished ...>
383801 openat(AT_FDCWD, "/usr/lib/locale/C.UTF-8/LC_TIME", O_RDONLY|O_CLOEXEC <unfinished ...>
383802 <... fstat resumed>{st_mode=S_IFREG|0644, st_size=47, ...}) = 0
383801 <... openat resumed>)            = 6
383802 mmap(NULL, 47, PROT_READ, MAP_PRIVATE, 5, 0 <unfinished ...>
383801 fstat(6,  <unfinished ...>
383802 <... mmap resumed>)              = 0x7f463e783000
383801 <... fstat resumed>{st_mode=S_IFREG|0644, st_size=3360, ...}) = 0
383802 close(5 <unfinished ...>
383801 mmap(NULL, 3360, PROT_READ, MAP_PRIVATE, 6, 0 <unfinished ...>
383802 <... close resumed>)             = 0
383801 <... mmap resumed>)              = 0x7ff0f008d000
383802 openat(AT_FDCWD, "/usr/lib/locale/C.UTF-8/LC_ADDRESS", O_RDONLY|O_CLOEXEC <unfinished ...>
383801 close(6 <unfinished ...>
383802 <... openat resumed>)            = 5
383801 <... close resumed>)             = 0
383802 fstat(5,  <unfinished ...>
383801 openat(AT_FDCWD, "/usr/lib/locale/C.UTF-8/LC_NUMERIC", O_RDONLY|O_CLOEXEC <unfinished ...>
383802 <... fstat resumed>{st_mode=S_IFREG|0644, st_size=131, ...}) = 0
383801 <... openat resumed>)            = 6
383802 mmap(NULL, 131, PROT_READ, MAP_PRIVATE, 5, 0 <unfinished ...>
383801 fstat(6,  <unfinished ...>
383802 <... mmap resumed>)              = 0x7f463e782000
383801 <... fstat resumed>{st_mode=S_IFREG|0644, st_size=50, ...}) = 0
383802 close(5 <unfinished ...>
383801 mmap(NULL, 50, PROT_READ, MAP_PRIVATE, 6, 0 <unfinished ...>
383802 <... close resumed>)             = 0
383801 <... mmap resumed>)              = 0x7ff0efa3f000
383802 openat(AT_FDCWD, "/usr/lib/locale/C.UTF-8/LC_NAME", O_RDONLY|O_CLOEXEC <unfinished ...>
383801 close(6 <unfinished ...>
383802 <... openat resumed>)            = 5
383801 <... close resumed>)             = 0
383802 fstat(5,  <unfinished ...>
383801 openat(AT_FDCWD, "/usr/lib/locale/C.UTF-8/LC_CTYPE", O_RDONLY|O_CLOEXEC <unfinished ...>
383802 <... fstat resumed>{st_mode=S_IFREG|0644, st_size=62, ...}) = 0
383801 <... openat resumed>)            = 6
383802 mmap(NULL, 62, PROT_READ, MAP_PRIVATE, 5, 0 <unfinished ...>
383801 fstat(6,  <unfinished ...>
383802 <... mmap resumed>)              = 0x7f463e781000
383801 <... fstat resumed>{st_mode=S_IFREG|0644, st_size=201272, ...}) = 0
383802 close(5 <unfinished ...>
383801 mmap(NULL, 201272, PROT_READ, MAP_PRIVATE, 6, 0 <unfinished ...>
383802 <... close resumed>)             = 0
383801 <... mmap resumed>)              = 0x7ff0efa0d000
383802 openat(AT_FDCWD, "/usr/lib/locale/C.UTF-8/LC_PAPER", O_RDONLY|O_CLOEXEC <unfinished ...>
383801 close(6 <unfinished ...>
383802 <... openat resumed>)            = 5
383801 <... close resumed>)             = 0
383802 fstat(5,  <unfinished ...>
383801 fstat(1,  <unfinished ...>
383802 <... fstat resumed>{st_mode=S_IFREG|0644, st_size=34, ...}) = 0
383801 <... fstat resumed>{st_mode=S_IFIFO|0600, st_size=0, ...}) = 0
383802 mmap(NULL, 34, PROT_READ, MAP_PRIVATE, 5, 0 <unfinished ...>
383801 fstat(0,  <unfinished ...>
383802 <... mmap resumed>)              = 0x7f463e780000
383801 <... fstat resumed>{st_mode=S_IFCHR|0600, st_rdev=makedev(0x88, 0xa), ...}) = 0
383802 close(5 <unfinished ...>
383801 fadvise64(0, 0, 0, POSIX_FADV_SEQUENTIAL <unfinished ...>
383802 <... close resumed>)             = 0
383801 <... fadvise64 resumed>)         = 0
383802 openat(AT_FDCWD, "/usr/lib/locale/C.UTF-8/LC_MESSAGES", O_RDONLY|O_CLOEXEC <unfinished ...>
383801 mmap(NULL, 139264, PROT_READ|PROT_WRITE, MAP_PRIVATE|MAP_ANONYMOUS, -1, 0 <unfinished ...>
383802 <... openat resumed>)            = 5
383801 <... mmap resumed>)              = 0x7ff0ef9eb000
383802 fstat(5,  <unfinished ...>
383801 read(0,  <unfinished ...>
383802 <... fstat resumed>{st_mode=S_IFDIR|0755, st_size=4096, ...}) = 0
383802 close(5)                         = 0
383802 openat(AT_FDCWD, "/usr/lib/locale/C.UTF-8/LC_MESSAGES/SYS_LC_MESSAGES", O_RDONLY|O_CLOEXEC) = 5
383802 fstat(5, {st_mode=S_IFREG|0644, st_size=48, ...}) = 0
383802 mmap(NULL, 48, PROT_READ, MAP_PRIVATE, 5, 0) = 0x7f463e77f000
383802 close(5)                         = 0
383802 openat(AT_FDCWD, "/usr/lib/locale/C.UTF-8/LC_MONETARY", O_RDONLY|O_CLOEXEC) = 5
383802 fstat(5, {st_mode=S_IFREG|0644, st_size=270, ...}) = 0
383802 mmap(NULL, 270, PROT_READ, MAP_PRIVATE, 5, 0) = 0x7f463e77e000
383802 close(5)                         = 0
383802 openat(AT_FDCWD, "/usr/lib/locale/C.UTF-8/LC_COLLATE", O_RDONLY|O_CLOEXEC) = 5
383802 fstat(5, {st_mode=S_IFREG|0644, st_size=1518110, ...}) = 0
383802 mmap(NULL, 1518110, PROT_READ, MAP_PRIVATE, 5, 0) = 0x7f463e049000
383802 close(5)                         = 0
383802 openat(AT_FDCWD, "/usr/lib/locale/C.UTF-8/LC_TIME", O_RDONLY|O_CLOEXEC) = 5
383802 fstat(5, {st_mode=S_IFREG|0644, st_size=3360, ...}) = 0
383802 mmap(NULL, 3360, PROT_READ, MAP_PRIVATE, 5, 0) = 0x7f463e77d000
383802 close(5)                         = 0
383802 openat(AT_FDCWD, "/usr/lib/locale/C.UTF-8/LC_NUMERIC", O_RDONLY|O_CLOEXEC) = 5
383802 fstat(5, {st_mode=S_IFREG|0644, st_size=50, ...}) = 0
383802 mmap(NULL, 50, PROT_READ, MAP_PRIVATE, 5, 0) = 0x7f463e048000
383802 close(5)                         = 0
383802 openat(AT_FDCWD, "/usr/lib/locale/C.UTF-8/LC_CTYPE", O_RDONLY|O_CLOEXEC) = 5
383802 fstat(5, {st_mode=S_IFREG|0644, st_size=201272, ...}) = 0
383802 mmap(NULL, 201272, PROT_READ, MAP_PRIVATE, 5, 0) = 0x7f463e016000
383802 close(5)                         = 0
383802 ioctl(1, TCGETS, {B9600 opost isig icanon echo ...}) = 0
383802 ioctl(1, TIOCGWINSZ, {ws_row=37, ws_col=119, ws_xpixel=1430, ws_ypixel=895}) = 0
383802 openat(AT_FDCWD, ".", O_RDONLY|O_NONBLOCK|O_CLOEXEC|O_DIRECTORY) = 5
383802 fstat(5, {st_mode=S_IFDIR|0755, st_size=4096, ...}) = 0
383802 getdents64(5, /* 14 entries */, 32768) = 424
383802 getdents64(5, /* 0 entries */, 32768) = 0
383802 close(5)                         = 0
383802 fstat(1, {st_mode=S_IFCHR|0600, st_rdev=makedev(0x88, 0xa), ...}) = 0
383802 write(1, "Makefile  TODOLIST  build  file "..., 109) = 109
383802 close(1)                         = 0
383802 close(2)                         = 0
383802 exit_group(0)                    = ?
383802 +++ exited with 0 +++
383789 <... wait4 resumed>0x558a945d3014, WSTOPPED, NULL) = ? ERESTARTSYS (To be restarted if SA_RESTART is set)
383789 --- SIGCHLD {si_signo=SIGCHLD, si_code=CLD_EXITED, si_pid=383802, si_uid=0, si_status=0, si_utime=0, si_stime=0} ---
383789 wait4(383801,  <unfinished ...>
383801 <... read resumed>"", 131072)    = 0
383801 munmap(0x7ff0ef9eb000, 139264)   = 0
383801 close(0)                         = 0
383801 close(1)                         = 0
383801 close(2)                         = 0
383801 exit_group(0)                    = ?
383801 +++ exited with 0 +++
383789 <... wait4 resumed>[{WIFEXITED(s) && WEXITSTATUS(s) == 0}], WSTOPPED, NULL) = 383801
383789 --- SIGCHLD {si_signo=SIGCHLD, si_code=CLD_EXITED, si_pid=383801, si_uid=0, si_status=0, si_utime=0, si_stime=0} ---
383789 rt_sigaction(SIGINT, {sa_handler=0x558a945c7c3b, sa_mask=[INT], sa_flags=SA_RESTORER|SA_RESTART, sa_restorer=0x7f44b5b4e090}, {sa_handler=SIG_IGN, sa_mask=[INT], sa_flags=SA_RESTORER|SA_RESTART, sa_restorer=0x7f44b5b4e090}, 8) = 0
383789 rt_sigaction(SIGQUIT, {sa_handler=0x558a945c7c3b, sa_mask=[QUIT], sa_flags=SA_RESTORER|SA_RESTART, sa_restorer=0x7f44b5b4e090}, {sa_handler=SIG_IGN, sa_mask=[QUIT], sa_flags=SA_RESTORER|SA_RESTART, sa_restorer=0x7f44b5b4e090}, 8) = 0
383789 getcwd("/root/42Projects/minishell", 1024) = 27
383789 ioctl(0, TIOCGWINSZ, {ws_row=37, ws_col=119, ws_xpixel=1430, ws_ypixel=895}) = 0
383789 ioctl(0, TIOCSWINSZ, {ws_row=37, ws_col=119, ws_xpixel=1430, ws_ypixel=895}) = 0
383789 ioctl(0, TCGETS, {B9600 opost isig icanon echo ...}) = 0
383789 ioctl(0, TCGETS, {B9600 opost isig icanon echo ...}) = 0
383789 ioctl(0, SNDCTL_TMR_STOP or TCSETSW, {B9600 opost isig -icanon -echo ...}) = 0
383789 ioctl(0, TCGETS, {B9600 opost isig -icanon -echo ...}) = 0
383789 rt_sigprocmask(SIG_BLOCK, [HUP INT QUIT ALRM TERM TSTP TTIN TTOU], [], 8) = 0
383789 rt_sigaction(SIGINT, {sa_handler=0x7f44b5d2a8c0, sa_mask=[], sa_flags=SA_RESTORER, sa_restorer=0x7f44b5b4e090}, {sa_handler=0x558a945c7c3b, sa_mask=[INT], sa_flags=SA_RESTORER|SA_RESTART, sa_restorer=0x7f44b5b4e090}, 8) = 0
383789 rt_sigaction(SIGTERM, {sa_handler=0x7f44b5d2a8c0, sa_mask=[], sa_flags=SA_RESTORER, sa_restorer=0x7f44b5b4e090}, {sa_handler=SIG_DFL, sa_mask=[], sa_flags=SA_RESTORER, sa_restorer=0x7f44b5b4e090}, 8) = 0
383789 rt_sigaction(SIGHUP, {sa_handler=0x7f44b5d2a8c0, sa_mask=[], sa_flags=SA_RESTORER, sa_restorer=0x7f44b5b4e090}, {sa_handler=SIG_DFL, sa_mask=[], sa_flags=SA_RESTORER, sa_restorer=0x7f44b5b4e090}, 8) = 0
383789 rt_sigaction(SIGQUIT, {sa_handler=0x7f44b5d2a8c0, sa_mask=[], sa_flags=SA_RESTORER, sa_restorer=0x7f44b5b4e090}, {sa_handler=0x558a945c7c3b, sa_mask=[QUIT], sa_flags=SA_RESTORER|SA_RESTART, sa_restorer=0x7f44b5b4e090}, 8) = 0
383789 rt_sigaction(SIGALRM, {sa_handler=0x7f44b5d2a8c0, sa_mask=[], sa_flags=SA_RESTORER, sa_restorer=0x7f44b5b4e090}, {sa_handler=SIG_DFL, sa_mask=[], sa_flags=SA_RESTORER, sa_restorer=0x7f44b5b4e090}, 8) = 0
383789 rt_sigaction(SIGTSTP, {sa_handler=0x7f44b5d2a8c0, sa_mask=[], sa_flags=SA_RESTORER, sa_restorer=0x7f44b5b4e090}, {sa_handler=SIG_DFL, sa_mask=[], sa_flags=SA_RESTORER, sa_restorer=0x7f44b5b4e090}, 8) = 0
383789 rt_sigaction(SIGTTOU, {sa_handler=0x7f44b5d2a8c0, sa_mask=[], sa_flags=SA_RESTORER, sa_restorer=0x7f44b5b4e090}, {sa_handler=SIG_DFL, sa_mask=[], sa_flags=SA_RESTORER, sa_restorer=0x7f44b5b4e090}, 8) = 0
383789 rt_sigaction(SIGTTIN, {sa_handler=0x7f44b5d2a8c0, sa_mask=[], sa_flags=SA_RESTORER, sa_restorer=0x7f44b5b4e090}, {sa_handler=SIG_DFL, sa_mask=[], sa_flags=SA_RESTORER, sa_restorer=0x7f44b5b4e090}, 8) = 0
383789 rt_sigprocmask(SIG_SETMASK, [], NULL, 8) = 0
383789 rt_sigaction(SIGWINCH, {sa_handler=0x7f44b5d29d40, sa_mask=[], sa_flags=SA_RESTORER|SA_RESTART, sa_restorer=0x7f44b5b4e090}, {sa_handler=SIG_DFL, sa_mask=[], sa_flags=SA_RESTORER, sa_restorer=0x7f44b5b4e090}, 8) = 0
383789 write(1, "\33[32mroot\33[0m@minishell-4.2$ ./\33"..., 51) = 51
383789 pselect6(1, [0], NULL, NULL, NULL, {[], 8}) = 1 (in [0])
383789 read(0, "\33", 1)                = 1
383789 pselect6(1, [0], NULL, NULL, NULL, {[], 8}) = 1 (in [0])
383789 read(0, "[", 1)                  = 1
383789 pselect6(1, [0], NULL, NULL, NULL, {[], 8}) = 1 (in [0])
383789 read(0, "A", 1)                  = 1
383789 write(1, "cat | ls", 8)          = 8
383789 pselect6(1, [0], NULL, NULL, NULL, {[], 8}) = 1 (in [0])
383789 read(0, "\r", 1)                 = 1
383789 write(1, "\n", 1)                = 1
383789 ioctl(0, TCGETS, {B9600 opost isig -icanon -echo ...}) = 0
383789 ioctl(0, SNDCTL_TMR_STOP or TCSETSW, {B9600 opost isig icanon echo ...}) = 0
383789 ioctl(0, TCGETS, {B9600 opost isig icanon echo ...}) = 0
383789 rt_sigaction(SIGINT, {sa_handler=0x558a945c7c3b, sa_mask=[INT], sa_flags=SA_RESTORER|SA_RESTART, sa_restorer=0x7f44b5b4e090}, {sa_handler=0x7f44b5d2a8c0, sa_mask=[], sa_flags=SA_RESTORER, sa_restorer=0x7f44b5b4e090}, 8) = 0
383789 rt_sigaction(SIGTERM, {sa_handler=SIG_DFL, sa_mask=[], sa_flags=SA_RESTORER, sa_restorer=0x7f44b5b4e090}, {sa_handler=0x7f44b5d2a8c0, sa_mask=[], sa_flags=SA_RESTORER, sa_restorer=0x7f44b5b4e090}, 8) = 0
383789 rt_sigaction(SIGHUP, {sa_handler=SIG_DFL, sa_mask=[], sa_flags=SA_RESTORER, sa_restorer=0x7f44b5b4e090}, {sa_handler=0x7f44b5d2a8c0, sa_mask=[], sa_flags=SA_RESTORER, sa_restorer=0x7f44b5b4e090}, 8) = 0
383789 rt_sigaction(SIGQUIT, {sa_handler=0x558a945c7c3b, sa_mask=[QUIT], sa_flags=SA_RESTORER|SA_RESTART, sa_restorer=0x7f44b5b4e090}, {sa_handler=0x7f44b5d2a8c0, sa_mask=[], sa_flags=SA_RESTORER, sa_restorer=0x7f44b5b4e090}, 8) = 0
383789 rt_sigaction(SIGALRM, {sa_handler=SIG_DFL, sa_mask=[], sa_flags=SA_RESTORER, sa_restorer=0x7f44b5b4e090}, {sa_handler=0x7f44b5d2a8c0, sa_mask=[], sa_flags=SA_RESTORER, sa_restorer=0x7f44b5b4e090}, 8) = 0
383789 rt_sigaction(SIGTSTP, {sa_handler=SIG_DFL, sa_mask=[], sa_flags=SA_RESTORER, sa_restorer=0x7f44b5b4e090}, {sa_handler=0x7f44b5d2a8c0, sa_mask=[], sa_flags=SA_RESTORER, sa_restorer=0x7f44b5b4e090}, 8) = 0
383789 rt_sigaction(SIGTTOU, {sa_handler=SIG_DFL, sa_mask=[], sa_flags=SA_RESTORER, sa_restorer=0x7f44b5b4e090}, {sa_handler=0x7f44b5d2a8c0, sa_mask=[], sa_flags=SA_RESTORER, sa_restorer=0x7f44b5b4e090}, 8) = 0
383789 rt_sigaction(SIGTTIN, {sa_handler=SIG_DFL, sa_mask=[], sa_flags=SA_RESTORER, sa_restorer=0x7f44b5b4e090}, {sa_handler=0x7f44b5d2a8c0, sa_mask=[], sa_flags=SA_RESTORER, sa_restorer=0x7f44b5b4e090}, 8) = 0
383789 rt_sigaction(SIGWINCH, {sa_handler=SIG_DFL, sa_mask=[], sa_flags=SA_RESTORER, sa_restorer=0x7f44b5b4e090}, {sa_handler=0x7f44b5d29d40, sa_mask=[], sa_flags=SA_RESTORER|SA_RESTART, sa_restorer=0x7f44b5b4e090}, 8) = 0
383789 rt_sigaction(SIGINT, {sa_handler=SIG_IGN, sa_mask=[INT], sa_flags=SA_RESTORER|SA_RESTART, sa_restorer=0x7f44b5b4e090}, {sa_handler=0x558a945c7c3b, sa_mask=[INT], sa_flags=SA_RESTORER|SA_RESTART, sa_restorer=0x7f44b5b4e090}, 8) = 0
383789 rt_sigaction(SIGQUIT, {sa_handler=SIG_IGN, sa_mask=[QUIT], sa_flags=SA_RESTORER|SA_RESTART, sa_restorer=0x7f44b5b4e090}, {sa_handler=0x558a945c7c3b, sa_mask=[QUIT], sa_flags=SA_RESTORER|SA_RESTART, sa_restorer=0x7f44b5b4e090}, 8) = 0
383789 pipe([5, 6])                     = 0
383789 write(1, "in: 0 | out: 6\n", 15) = 15
383789 write(1, "in: 5 | out: 1\n", 15) = 15
383789 clone(child_stack=NULL, flags=CLONE_CHILD_CLEARTID|CLONE_CHILD_SETTID|SIGCHLD, child_tidptr=0x7f44b5ad8a10) = 383803
383789 close(6)                         = 0
383789 clone(child_stack=NULL, flags=CLONE_CHILD_CLEARTID|CLONE_CHILD_SETTID|SIGCHLD, child_tidptr=0x7f44b5ad8a10) = 383804
383789 close(5)                         = 0
383789 wait4(383803,  <unfinished ...>
383804 rt_sigaction(SIGINT, {sa_handler=SIG_DFL, sa_mask=[INT], sa_flags=SA_RESTORER|SA_RESTART, sa_restorer=0x7f44b5b4e090}, {sa_handler=SIG_IGN, sa_mask=[INT], sa_flags=SA_RESTORER|SA_RESTART, sa_restorer=0x7f44b5b4e090}, 8) = 0
383804 rt_sigaction(SIGQUIT, {sa_handler=SIG_DFL, sa_mask=[QUIT], sa_flags=SA_RESTORER|SA_RESTART, sa_restorer=0x7f44b5b4e090}, {sa_handler=SIG_IGN, sa_mask=[QUIT], sa_flags=SA_RESTORER|SA_RESTART, sa_restorer=0x7f44b5b4e090}, 8) = 0
383804 write(1, "ayo?\n", 5)            = 5
383804 dup2(5, 0)                       = 0
383804 close(5)                         = 0
383804 access("ls", X_OK)               = -1 ENOENT (No such file or directory)
383804 access("/usr/local/sbin/ls", X_OK) = -1 ENOENT (No such file or directory)
383804 access("ls", X_OK)               = -1 ENOENT (No such file or directory)
383804 access("/usr/local/bin/ls", X_OK) = -1 ENOENT (No such file or directory)
383804 access("ls", X_OK)               = -1 ENOENT (No such file or directory)
383804 access("/usr/sbin/ls", X_OK)     = -1 ENOENT (No such file or directory)
383804 access("ls", X_OK)               = -1 ENOENT (No such file or directory)
383804 access("/usr/bin/ls", X_OK)      = 0
383804 execve("/usr/bin/ls", ["ls"], 0x7ffcaad954c8 /* 24 vars */ <unfinished ...>
383803 rt_sigaction(SIGINT, {sa_handler=SIG_DFL, sa_mask=[INT], sa_flags=SA_RESTORER|SA_RESTART, sa_restorer=0x7f44b5b4e090}, {sa_handler=SIG_IGN, sa_mask=[INT], sa_flags=SA_RESTORER|SA_RESTART, sa_restorer=0x7f44b5b4e090}, 8) = 0
383803 rt_sigaction(SIGQUIT, {sa_handler=SIG_DFL, sa_mask=[QUIT], sa_flags=SA_RESTORER|SA_RESTART, sa_restorer=0x7f44b5b4e090}, {sa_handler=SIG_IGN, sa_mask=[QUIT], sa_flags=SA_RESTORER|SA_RESTART, sa_restorer=0x7f44b5b4e090}, 8) = 0
383803 write(1, "ayo?\n", 5)            = 5
383803 dup2(6, 1)                       = 1
383803 close(6)                         = 0
383803 access("cat", X_OK <unfinished ...>
383804 <... execve resumed>)            = 0
383804 brk(NULL <unfinished ...>
383803 <... access resumed>)            = -1 ENOENT (No such file or directory)
383804 <... brk resumed>)               = 0x557dc9ea8000
383804 arch_prctl(0x3001 /* ARCH_??? */, 0x7ffd6345cd00 <unfinished ...>
383803 access("/usr/local/sbin/cat", X_OK) = -1 ENOENT (No such file or directory)
383803 access("cat", X_OK)              = -1 ENOENT (No such file or directory)
383804 <... arch_prctl resumed>)        = -1 EINVAL (Invalid argument)
383803 access("/usr/local/bin/cat", X_OK <unfinished ...>
383804 access("/etc/ld.so.preload", R_OK <unfinished ...>
383803 <... access resumed>)            = -1 ENOENT (No such file or directory)
383803 access("cat", X_OK)              = -1 ENOENT (No such file or directory)
383803 access("/usr/sbin/cat", X_OK)    = -1 ENOENT (No such file or directory)
383803 access("cat", X_OK)              = -1 ENOENT (No such file or directory)
383804 <... access resumed>)            = -1 ENOENT (No such file or directory)
383803 access("/usr/bin/cat", X_OK <unfinished ...>
383804 openat(AT_FDCWD, "/etc/ld.so.cache", O_RDONLY|O_CLOEXEC <unfinished ...>
383803 <... access resumed>)            = 0
383803 execve("/usr/bin/cat", ["cat"], 0x7ffcaad954c8 /* 24 vars */ <unfinished ...>
383804 <... openat resumed>)            = 5
383804 fstat(5, {st_mode=S_IFREG|0644, st_size=59364, ...}) = 0
383804 mmap(NULL, 59364, PROT_READ, MAP_PRIVATE, 5, 0) = 0x7ff4e31be000
383804 close(5)                         = 0
383804 openat(AT_FDCWD, "/lib/x86_64-linux-gnu/libselinux.so.1", O_RDONLY|O_CLOEXEC) = 5
383804 read(5, "\177ELF\2\1\1\0\0\0\0\0\0\0\0\0\3\0>\0\1\0\0\0@p\0\0\0\0\0\0"..., 832) = 832
383804 fstat(5, {st_mode=S_IFREG|0644, st_size=163200, ...}) = 0
383804 mmap(NULL, 8192, PROT_READ|PROT_WRITE, MAP_PRIVATE|MAP_ANONYMOUS, -1, 0) = 0x7ff4e31bc000
383804 mmap(NULL, 174600, PROT_READ, MAP_PRIVATE|MAP_DENYWRITE, 5, 0) = 0x7ff4e3191000
383804 mprotect(0x7ff4e3197000, 135168, PROT_NONE) = 0
383804 mmap(0x7ff4e3197000, 102400, PROT_READ|PROT_EXEC, MAP_PRIVATE|MAP_FIXED|MAP_DENYWRITE, 5, 0x6000) = 0x7ff4e3197000
383804 mmap(0x7ff4e31b0000, 28672, PROT_READ, MAP_PRIVATE|MAP_FIXED|MAP_DENYWRITE, 5, 0x1f000) = 0x7ff4e31b0000
383804 mmap(0x7ff4e31b8000, 8192, PROT_READ|PROT_WRITE, MAP_PRIVATE|MAP_FIXED|MAP_DENYWRITE, 5, 0x26000) = 0x7ff4e31b8000
383804 mmap(0x7ff4e31ba000, 6664, PROT_READ|PROT_WRITE, MAP_PRIVATE|MAP_FIXED|MAP_ANONYMOUS, -1, 0) = 0x7ff4e31ba000
383804 close(5)                         = 0
383804 openat(AT_FDCWD, "/lib/x86_64-linux-gnu/libc.so.6", O_RDONLY|O_CLOEXEC <unfinished ...>
383803 <... execve resumed>)            = 0
383804 <... openat resumed>)            = 5
383803 brk(NULL <unfinished ...>
383804 read(5, "\177ELF\2\1\1\3\0\0\0\0\0\0\0\0\3\0>\0\1\0\0\0\300A\2\0\0\0\0\0"..., 832) = 832
383804 pread64(5, "\6\0\0\0\4\0\0\0@\0\0\0\0\0\0\0@\0\0\0\0\0\0\0@\0\0\0\0\0\0\0"..., 784, 64) = 784
383804 pread64(5, "\4\0\0\0\20\0\0\0\5\0\0\0GNU\0\2\0\0\300\4\0\0\0\3\0\0\0\0\0\0\0", 32, 848) = 32
383804 pread64(5,  <unfinished ...>
383803 <... brk resumed>)               = 0x5599b82ba000
383804 <... pread64 resumed>"\4\0\0\0\24\0\0\0\3\0\0\0GNU\0\30x\346\264ur\f|Q\226\236i\253-'o"..., 68, 880) = 68
383803 arch_prctl(0x3001 /* ARCH_??? */, 0x7ffcfe8ad9e0 <unfinished ...>
383804 fstat(5, {st_mode=S_IFREG|0755, st_size=2029592, ...}) = 0
383804 pread64(5, "\6\0\0\0\4\0\0\0@\0\0\0\0\0\0\0@\0\0\0\0\0\0\0@\0\0\0\0\0\0\0"..., 784, 64) = 784
383804 pread64(5,  <unfinished ...>
383803 <... arch_prctl resumed>)        = -1 EINVAL (Invalid argument)
383804 <... pread64 resumed>"\4\0\0\0\20\0\0\0\5\0\0\0GNU\0\2\0\0\300\4\0\0\0\3\0\0\0\0\0\0\0", 32, 848) = 32
383803 access("/etc/ld.so.preload", R_OK <unfinished ...>
383804 pread64(5, "\4\0\0\0\24\0\0\0\3\0\0\0GNU\0\30x\346\264ur\f|Q\226\236i\253-'o"..., 68, 880) = 68
383804 mmap(NULL, 2037344, PROT_READ, MAP_PRIVATE|MAP_DENYWRITE, 5, 0) = 0x7ff4e2f9f000
383804 mmap(0x7ff4e2fc1000, 1540096, PROT_READ|PROT_EXEC, MAP_PRIVATE|MAP_FIXED|MAP_DENYWRITE, 5, 0x22000) = 0x7ff4e2fc1000
383803 <... access resumed>)            = -1 ENOENT (No such file or directory)
383803 openat(AT_FDCWD, "/etc/ld.so.cache", O_RDONLY|O_CLOEXEC <unfinished ...>
383804 mmap(0x7ff4e3139000, 319488, PROT_READ, MAP_PRIVATE|MAP_FIXED|MAP_DENYWRITE, 5, 0x19a000) = 0x7ff4e3139000
383803 <... openat resumed>)            = 6
383803 fstat(6,  <unfinished ...>
383804 mmap(0x7ff4e3187000, 24576, PROT_READ|PROT_WRITE, MAP_PRIVATE|MAP_FIXED|MAP_DENYWRITE, 5, 0x1e7000 <unfinished ...>
383803 <... fstat resumed>{st_mode=S_IFREG|0644, st_size=59364, ...}) = 0
383804 <... mmap resumed>)              = 0x7ff4e3187000
383803 mmap(NULL, 59364, PROT_READ, MAP_PRIVATE, 6, 0) = 0x7f806873f000
383803 close(6)                         = 0
383803 openat(AT_FDCWD, "/lib/x86_64-linux-gnu/libc.so.6", O_RDONLY|O_CLOEXEC <unfinished ...>
383804 mmap(0x7ff4e318d000, 13920, PROT_READ|PROT_WRITE, MAP_PRIVATE|MAP_FIXED|MAP_ANONYMOUS, -1, 0 <unfinished ...>
383803 <... openat resumed>)            = 6
383803 read(6, "\177ELF\2\1\1\3\0\0\0\0\0\0\0\0\3\0>\0\1\0\0\0\300A\2\0\0\0\0\0"..., 832) = 832
383804 <... mmap resumed>)              = 0x7ff4e318d000
383803 pread64(6, "\6\0\0\0\4\0\0\0@\0\0\0\0\0\0\0@\0\0\0\0\0\0\0@\0\0\0\0\0\0\0"..., 784, 64) = 784
383803 pread64(6,  <unfinished ...>
383804 close(5 <unfinished ...>
383803 <... pread64 resumed>"\4\0\0\0\20\0\0\0\5\0\0\0GNU\0\2\0\0\300\4\0\0\0\3\0\0\0\0\0\0\0", 32, 848) = 32
383803 pread64(6, "\4\0\0\0\24\0\0\0\3\0\0\0GNU\0\30x\346\264ur\f|Q\226\236i\253-'o"..., 68, 880) = 68
383803 fstat(6,  <unfinished ...>
383804 <... close resumed>)             = 0
383803 <... fstat resumed>{st_mode=S_IFREG|0755, st_size=2029592, ...}) = 0
383804 openat(AT_FDCWD, "/lib/x86_64-linux-gnu/libpcre2-8.so.0", O_RDONLY|O_CLOEXEC <unfinished ...>
383803 mmap(NULL, 8192, PROT_READ|PROT_WRITE, MAP_PRIVATE|MAP_ANONYMOUS, -1, 0) = 0x7f806873d000
383803 pread64(6, "\6\0\0\0\4\0\0\0@\0\0\0\0\0\0\0@\0\0\0\0\0\0\0@\0\0\0\0\0\0\0"..., 784, 64) = 784
383803 pread64(6,  <unfinished ...>
383804 <... openat resumed>)            = 5
383803 <... pread64 resumed>"\4\0\0\0\20\0\0\0\5\0\0\0GNU\0\2\0\0\300\4\0\0\0\3\0\0\0\0\0\0\0", 32, 848) = 32
383803 pread64(6, "\4\0\0\0\24\0\0\0\3\0\0\0GNU\0\30x\346\264ur\f|Q\226\236i\253-'o"..., 68, 880) = 68
383804 read(5,  <unfinished ...>
383803 mmap(NULL, 2037344, PROT_READ, MAP_PRIVATE|MAP_DENYWRITE, 6, 0 <unfinished ...>
383804 <... read resumed>"\177ELF\2\1\1\0\0\0\0\0\0\0\0\0\3\0>\0\1\0\0\0\340\"\0\0\0\0\0\0"..., 832) = 832
383803 <... mmap resumed>)              = 0x7f806854b000
383804 fstat(5, {st_mode=S_IFREG|0644, st_size=588488, ...}) = 0
383803 mmap(0x7f806856d000, 1540096, PROT_READ|PROT_EXEC, MAP_PRIVATE|MAP_FIXED|MAP_DENYWRITE, 6, 0x22000 <unfinished ...>
383804 mmap(NULL, 590632, PROT_READ, MAP_PRIVATE|MAP_DENYWRITE, 5, 0 <unfinished ...>
383803 <... mmap resumed>)              = 0x7f806856d000
383804 <... mmap resumed>)              = 0x7ff4e2f0e000
383804 mmap(0x7ff4e2f10000, 413696, PROT_READ|PROT_EXEC, MAP_PRIVATE|MAP_FIXED|MAP_DENYWRITE, 5, 0x2000 <unfinished ...>
383803 mmap(0x7f80686e5000, 319488, PROT_READ, MAP_PRIVATE|MAP_FIXED|MAP_DENYWRITE, 6, 0x19a000 <unfinished ...>
383804 <... mmap resumed>)              = 0x7ff4e2f10000
383803 <... mmap resumed>)              = 0x7f80686e5000
383804 mmap(0x7ff4e2f75000, 163840, PROT_READ, MAP_PRIVATE|MAP_FIXED|MAP_DENYWRITE, 5, 0x67000 <unfinished ...>
383803 mmap(0x7f8068733000, 24576, PROT_READ|PROT_WRITE, MAP_PRIVATE|MAP_FIXED|MAP_DENYWRITE, 6, 0x1e7000 <unfinished ...>
383804 <... mmap resumed>)              = 0x7ff4e2f75000
383803 <... mmap resumed>)              = 0x7f8068733000
383804 mmap(0x7ff4e2f9d000, 8192, PROT_READ|PROT_WRITE, MAP_PRIVATE|MAP_FIXED|MAP_DENYWRITE, 5, 0x8e000 <unfinished ...>
383803 mmap(0x7f8068739000, 13920, PROT_READ|PROT_WRITE, MAP_PRIVATE|MAP_FIXED|MAP_ANONYMOUS, -1, 0 <unfinished ...>
383804 <... mmap resumed>)              = 0x7ff4e2f9d000
383803 <... mmap resumed>)              = 0x7f8068739000
383804 close(5 <unfinished ...>
383803 close(6 <unfinished ...>
383804 <... close resumed>)             = 0
383803 <... close resumed>)             = 0
383804 openat(AT_FDCWD, "/lib/x86_64-linux-gnu/libdl.so.2", O_RDONLY|O_CLOEXEC <unfinished ...>
383803 arch_prctl(ARCH_SET_FS, 0x7f806873e580 <unfinished ...>
383804 <... openat resumed>)            = 5
383804 read(5, "\177ELF\2\1\1\0\0\0\0\0\0\0\0\0\3\0>\0\1\0\0\0 \22\0\0\0\0\0\0"..., 832) = 832
383804 fstat(5, {st_mode=S_IFREG|0644, st_size=18848, ...}) = 0
383804 mmap(NULL, 20752, PROT_READ, MAP_PRIVATE|MAP_DENYWRITE, 5, 0 <unfinished ...>
383803 <... arch_prctl resumed>)        = 0
383804 <... mmap resumed>)              = 0x7ff4e2f08000
383803 mprotect(0x7f8068733000, 16384, PROT_READ <unfinished ...>
383804 mmap(0x7ff4e2f09000, 8192, PROT_READ|PROT_EXEC, MAP_PRIVATE|MAP_FIXED|MAP_DENYWRITE, 5, 0x1000) = 0x7ff4e2f09000
383804 mmap(0x7ff4e2f0b000, 4096, PROT_READ, MAP_PRIVATE|MAP_FIXED|MAP_DENYWRITE, 5, 0x3000) = 0x7ff4e2f0b000
383804 mmap(0x7ff4e2f0c000, 8192, PROT_READ|PROT_WRITE, MAP_PRIVATE|MAP_FIXED|MAP_DENYWRITE, 5, 0x3000) = 0x7ff4e2f0c000
383804 close(5)                         = 0
383804 openat(AT_FDCWD, "/lib/x86_64-linux-gnu/libpthread.so.0", O_RDONLY|O_CLOEXEC) = 5
383803 <... mprotect resumed>)          = 0
383804 read(5, "\177ELF\2\1\1\0\0\0\0\0\0\0\0\0\3\0>\0\1\0\0\0\220q\0\0\0\0\0\0"..., 832) = 832
383803 mprotect(0x5599b674c000, 4096, PROT_READ <unfinished ...>
383804 pread64(5, "\4\0\0\0\24\0\0\0\3\0\0\0GNU\0{E6\364\34\332\245\210\204\10\350-\0106\343="..., 68, 824) = 68
383804 fstat(5, {st_mode=S_IFREG|0755, st_size=157224, ...}) = 0
383804 pread64(5, "\4\0\0\0\24\0\0\0\3\0\0\0GNU\0{E6\364\34\332\245\210\204\10\350-\0106\343="..., 68, 824) = 68
383803 <... mprotect resumed>)          = 0
383804 mmap(NULL, 140408, PROT_READ, MAP_PRIVATE|MAP_DENYWRITE, 5, 0) = 0x7ff4e2ee5000
383803 mprotect(0x7f806877b000, 4096, PROT_READ <unfinished ...>
383804 mmap(0x7ff4e2eeb000, 69632, PROT_READ|PROT_EXEC, MAP_PRIVATE|MAP_FIXED|MAP_DENYWRITE, 5, 0x6000 <unfinished ...>
383803 <... mprotect resumed>)          = 0
383804 <... mmap resumed>)              = 0x7ff4e2eeb000
383803 munmap(0x7f806873f000, 59364 <unfinished ...>
383804 mmap(0x7ff4e2efc000, 24576, PROT_READ, MAP_PRIVATE|MAP_FIXED|MAP_DENYWRITE, 5, 0x17000 <unfinished ...>
383803 <... munmap resumed>)            = 0
383804 <... mmap resumed>)              = 0x7ff4e2efc000
383804 mmap(0x7ff4e2f02000, 8192, PROT_READ|PROT_WRITE, MAP_PRIVATE|MAP_FIXED|MAP_DENYWRITE, 5, 0x1c000) = 0x7ff4e2f02000
383803 brk(NULL <unfinished ...>
383804 mmap(0x7ff4e2f04000, 13432, PROT_READ|PROT_WRITE, MAP_PRIVATE|MAP_FIXED|MAP_ANONYMOUS, -1, 0) = 0x7ff4e2f04000
383804 close(5)                         = 0
383804 mmap(NULL, 8192, PROT_READ|PROT_WRITE, MAP_PRIVATE|MAP_ANONYMOUS, -1, 0) = 0x7ff4e2ee3000
383804 arch_prctl(ARCH_SET_FS, 0x7ff4e2ee4400) = 0
383804 mprotect(0x7ff4e3187000, 16384, PROT_READ <unfinished ...>
383803 <... brk resumed>)               = 0x5599b82ba000
383803 brk(0x5599b82db000)              = 0x5599b82db000
383803 openat(AT_FDCWD, "/usr/lib/locale/locale-archive", O_RDONLY|O_CLOEXEC) = 6
383804 <... mprotect resumed>)          = 0
383803 fstat(6, {st_mode=S_IFREG|0644, st_size=3035952, ...}) = 0
383804 mprotect(0x7ff4e2f02000, 4096, PROT_READ <unfinished ...>
383803 mmap(NULL, 3035952, PROT_READ, MAP_PRIVATE, 6, 0) = 0x7f8068265000
383804 <... mprotect resumed>)          = 0
383803 close(6 <unfinished ...>
383804 mprotect(0x7ff4e2f0c000, 4096, PROT_READ) = 0
383803 <... close resumed>)             = 0
383803 openat(AT_FDCWD, "/usr/share/locale/locale.alias", O_RDONLY|O_CLOEXEC <unfinished ...>
383804 mprotect(0x7ff4e2f9d000, 4096, PROT_READ <unfinished ...>
383803 <... openat resumed>)            = 6
383804 <... mprotect resumed>)          = 0
383803 fstat(6, {st_mode=S_IFREG|0644, st_size=2996, ...}) = 0
383804 mprotect(0x7ff4e31b8000, 4096, PROT_READ <unfinished ...>
383803 read(6, "# Locale name alias data base.\n#"..., 4096) = 2996
383804 <... mprotect resumed>)          = 0
383803 read(6,  <unfinished ...>
383804 mprotect(0x557dc9c02000, 4096, PROT_READ <unfinished ...>
383803 <... read resumed>"", 4096)      = 0
383803 close(6)                         = 0
383803 openat(AT_FDCWD, "/usr/lib/locale/C.UTF-8/LC_IDENTIFICATION", O_RDONLY|O_CLOEXEC) = 6
383804 <... mprotect resumed>)          = 0
383803 fstat(6, {st_mode=S_IFREG|0644, st_size=252, ...}) = 0
383804 mprotect(0x7ff4e31fa000, 4096, PROT_READ <unfinished ...>
383803 mmap(NULL, 252, PROT_READ, MAP_PRIVATE, 6, 0) = 0x7f806877a000
383804 <... mprotect resumed>)          = 0
383803 close(6)                         = 0
383803 openat(AT_FDCWD, "/usr/lib/x86_64-linux-gnu/gconv/gconv-modules.cache", O_RDONLY <unfinished ...>
383804 munmap(0x7ff4e31be000, 59364)    = 0
383803 <... openat resumed>)            = 6
383803 fstat(6, {st_mode=S_IFREG|0644, st_size=27002, ...}) = 0
383803 mmap(NULL, 27002, PROT_READ, MAP_SHARED, 6, 0 <unfinished ...>
383804 set_tid_address(0x7ff4e2ee46d0 <unfinished ...>
383803 <... mmap resumed>)              = 0x7f8068747000
383804 <... set_tid_address resumed>)   = 383804
383804 set_robust_list(0x7ff4e2ee46e0, 24) = 0
383804 rt_sigaction(SIGRTMIN, {sa_handler=0x7ff4e2eebbf0, sa_mask=[], sa_flags=SA_RESTORER|SA_SIGINFO, sa_restorer=0x7ff4e2ef9420},  <unfinished ...>
383803 close(6)                         = 0
383804 <... rt_sigaction resumed>NULL, 8) = 0
383803 openat(AT_FDCWD, "/usr/lib/locale/C.UTF-8/LC_MEASUREMENT", O_RDONLY|O_CLOEXEC <unfinished ...>
383804 rt_sigaction(SIGRT_1, {sa_handler=0x7ff4e2eebc90, sa_mask=[], sa_flags=SA_RESTORER|SA_RESTART|SA_SIGINFO, sa_restorer=0x7ff4e2ef9420}, NULL, 8) = 0
383804 rt_sigprocmask(SIG_UNBLOCK, [RTMIN RT_1], NULL, 8) = 0
383803 <... openat resumed>)            = 6
383804 prlimit64(0, RLIMIT_STACK, NULL,  <unfinished ...>
383803 fstat(6,  <unfinished ...>
383804 <... prlimit64 resumed>{rlim_cur=8192*1024, rlim_max=RLIM64_INFINITY}) = 0
383803 <... fstat resumed>{st_mode=S_IFREG|0644, st_size=23, ...}) = 0
383804 statfs("/sys/fs/selinux",  <unfinished ...>
383803 mmap(NULL, 23, PROT_READ, MAP_PRIVATE, 6, 0) = 0x7f8068746000
383803 close(6)                         = 0
383803 openat(AT_FDCWD, "/usr/lib/locale/C.UTF-8/LC_TELEPHONE", O_RDONLY|O_CLOEXEC) = 6
383803 fstat(6,  <unfinished ...>
383804 <... statfs resumed>0x7ffd6345cc50) = -1 ENOENT (No such file or directory)
383803 <... fstat resumed>{st_mode=S_IFREG|0644, st_size=47, ...}) = 0
383804 statfs("/selinux",  <unfinished ...>
383803 mmap(NULL, 47, PROT_READ, MAP_PRIVATE, 6, 0 <unfinished ...>
383804 <... statfs resumed>0x7ffd6345cc50) = -1 ENOENT (No such file or directory)
383803 <... mmap resumed>)              = 0x7f8068745000
383804 brk(NULL <unfinished ...>
383803 close(6 <unfinished ...>
383804 <... brk resumed>)               = 0x557dc9ea8000
383803 <... close resumed>)             = 0
383804 brk(0x557dc9ec9000 <unfinished ...>
383803 openat(AT_FDCWD, "/usr/lib/locale/C.UTF-8/LC_ADDRESS", O_RDONLY|O_CLOEXEC <unfinished ...>
383804 <... brk resumed>)               = 0x557dc9ec9000
383803 <... openat resumed>)            = 6
383804 openat(AT_FDCWD, "/proc/filesystems", O_RDONLY|O_CLOEXEC <unfinished ...>
383803 fstat(6,  <unfinished ...>
383804 <... openat resumed>)            = 5
383803 <... fstat resumed>{st_mode=S_IFREG|0644, st_size=131, ...}) = 0
383804 fstat(5,  <unfinished ...>
383803 mmap(NULL, 131, PROT_READ, MAP_PRIVATE, 6, 0 <unfinished ...>
383804 <... fstat resumed>{st_mode=S_IFREG|0444, st_size=0, ...}) = 0
383803 <... mmap resumed>)              = 0x7f8068744000
383804 read(5,  <unfinished ...>
383803 close(6 <unfinished ...>
383804 <... read resumed>"nodev\tsysfs\nnodev\ttmpfs\nnodev\tbd"..., 1024) = 402
383803 <... close resumed>)             = 0
383804 read(5,  <unfinished ...>
383803 openat(AT_FDCWD, "/usr/lib/locale/C.UTF-8/LC_NAME", O_RDONLY|O_CLOEXEC <unfinished ...>
383804 <... read resumed>"", 1024)      = 0
383803 <... openat resumed>)            = 6
383804 close(5 <unfinished ...>
383803 fstat(6,  <unfinished ...>
383804 <... close resumed>)             = 0
383803 <... fstat resumed>{st_mode=S_IFREG|0644, st_size=62, ...}) = 0
383804 access("/etc/selinux/config", F_OK <unfinished ...>
383803 mmap(NULL, 62, PROT_READ, MAP_PRIVATE, 6, 0 <unfinished ...>
383804 <... access resumed>)            = -1 ENOENT (No such file or directory)
383803 <... mmap resumed>)              = 0x7f8068743000
383804 openat(AT_FDCWD, "/usr/lib/locale/locale-archive", O_RDONLY|O_CLOEXEC <unfinished ...>
383803 close(6 <unfinished ...>
383804 <... openat resumed>)            = 5
383803 <... close resumed>)             = 0
383804 fstat(5,  <unfinished ...>
383803 openat(AT_FDCWD, "/usr/lib/locale/C.UTF-8/LC_PAPER", O_RDONLY|O_CLOEXEC <unfinished ...>
383804 <... fstat resumed>{st_mode=S_IFREG|0644, st_size=3035952, ...}) = 0
383803 <... openat resumed>)            = 6
383804 mmap(NULL, 3035952, PROT_READ, MAP_PRIVATE, 5, 0 <unfinished ...>
383803 fstat(6,  <unfinished ...>
383804 <... mmap resumed>)              = 0x7ff4e2bfd000
383803 <... fstat resumed>{st_mode=S_IFREG|0644, st_size=34, ...}) = 0
383804 close(5 <unfinished ...>
383803 mmap(NULL, 34, PROT_READ, MAP_PRIVATE, 6, 0 <unfinished ...>
383804 <... close resumed>)             = 0
383803 <... mmap resumed>)              = 0x7f8068742000
383804 openat(AT_FDCWD, "/usr/share/locale/locale.alias", O_RDONLY|O_CLOEXEC <unfinished ...>
383803 close(6 <unfinished ...>
383804 <... openat resumed>)            = 5
383803 <... close resumed>)             = 0
383804 fstat(5,  <unfinished ...>
383803 openat(AT_FDCWD, "/usr/lib/locale/C.UTF-8/LC_MESSAGES", O_RDONLY|O_CLOEXEC <unfinished ...>
383804 <... fstat resumed>{st_mode=S_IFREG|0644, st_size=2996, ...}) = 0
383803 <... openat resumed>)            = 6
383804 read(5,  <unfinished ...>
383803 fstat(6,  <unfinished ...>
383804 <... read resumed>"# Locale name alias data base.\n#"..., 4096) = 2996
383803 <... fstat resumed>{st_mode=S_IFDIR|0755, st_size=4096, ...}) = 0
