383804 read(5,  <unfinished ...>
383803 close(6 <unfinished ...>
383804 <... read resumed>"", 4096)      = 0
383803 <... close resumed>)             = 0
383804 close(5 <unfinished ...>
383803 openat(AT_FDCWD, "/usr/lib/locale/C.UTF-8/LC_MESSAGES/SYS_LC_MESSAGES", O_RDONLY|O_CLOEXEC <unfinished ...>
383804 <... close resumed>)             = 0
383803 <... openat resumed>)            = 6
383804 openat(AT_FDCWD, "/usr/lib/locale/C.UTF-8/LC_IDENTIFICATION", O_RDONLY|O_CLOEXEC <unfinished ...>
383803 fstat(6,  <unfinished ...>
383804 <... openat resumed>)            = 5
383803 <... fstat resumed>{st_mode=S_IFREG|0644, st_size=48, ...}) = 0
383804 fstat(5,  <unfinished ...>
383803 mmap(NULL, 48, PROT_READ, MAP_PRIVATE, 6, 0 <unfinished ...>
383804 <... fstat resumed>{st_mode=S_IFREG|0644, st_size=252, ...}) = 0
383803 <... mmap resumed>)              = 0x7f8068741000
383804 mmap(NULL, 252, PROT_READ, MAP_PRIVATE, 5, 0 <unfinished ...>
383803 close(6 <unfinished ...>
383804 <... mmap resumed>)              = 0x7ff4e31f9000
383803 <... close resumed>)             = 0
383804 close(5 <unfinished ...>
383803 openat(AT_FDCWD, "/usr/lib/locale/C.UTF-8/LC_MONETARY", O_RDONLY|O_CLOEXEC <unfinished ...>
383804 <... close resumed>)             = 0
383803 <... openat resumed>)            = 6
383804 openat(AT_FDCWD, "/usr/lib/x86_64-linux-gnu/gconv/gconv-modules.cache", O_RDONLY <unfinished ...>
383803 fstat(6,  <unfinished ...>
383804 <... openat resumed>)            = 5
383803 <... fstat resumed>{st_mode=S_IFREG|0644, st_size=270, ...}) = 0
383804 fstat(5,  <unfinished ...>
383803 mmap(NULL, 270, PROT_READ, MAP_PRIVATE, 6, 0 <unfinished ...>
383804 <... fstat resumed>{st_mode=S_IFREG|0644, st_size=27002, ...}) = 0
383803 <... mmap resumed>)              = 0x7f8068740000
383804 mmap(NULL, 27002, PROT_READ, MAP_SHARED, 5, 0 <unfinished ...>
383803 close(6 <unfinished ...>
383804 <... mmap resumed>)              = 0x7ff4e31c6000
383803 <... close resumed>)             = 0
383804 close(5 <unfinished ...>
383803 openat(AT_FDCWD, "/usr/lib/locale/C.UTF-8/LC_COLLATE", O_RDONLY|O_CLOEXEC <unfinished ...>
383804 <... close resumed>)             = 0
383803 <... openat resumed>)            = 6
383804 futex(0x7ff4e318c954, FUTEX_WAKE_PRIVATE, 2147483647 <unfinished ...>
383803 fstat(6,  <unfinished ...>
383804 <... futex resumed>)             = 0
383803 <... fstat resumed>{st_mode=S_IFREG|0644, st_size=1518110, ...}) = 0
383804 openat(AT_FDCWD, "/usr/lib/locale/C.UTF-8/LC_MEASUREMENT", O_RDONLY|O_CLOEXEC <unfinished ...>
383803 mmap(NULL, 1518110, PROT_READ, MAP_PRIVATE, 6, 0 <unfinished ...>
383804 <... openat resumed>)            = 5
383803 <... mmap resumed>)              = 0x7f80680f2000
383804 fstat(5,  <unfinished ...>
383803 close(6 <unfinished ...>
383804 <... fstat resumed>{st_mode=S_IFREG|0644, st_size=23, ...}) = 0
383803 <... close resumed>)             = 0
383804 mmap(NULL, 23, PROT_READ, MAP_PRIVATE, 5, 0 <unfinished ...>
383803 openat(AT_FDCWD, "/usr/lib/locale/C.UTF-8/LC_TIME", O_RDONLY|O_CLOEXEC <unfinished ...>
383804 <... mmap resumed>)              = 0x7ff4e31c5000
383803 <... openat resumed>)            = 6
383804 close(5 <unfinished ...>
383803 fstat(6,  <unfinished ...>
383804 <... close resumed>)             = 0
383803 <... fstat resumed>{st_mode=S_IFREG|0644, st_size=3360, ...}) = 0
383804 openat(AT_FDCWD, "/usr/lib/locale/C.UTF-8/LC_TELEPHONE", O_RDONLY|O_CLOEXEC <unfinished ...>
383803 mmap(NULL, 3360, PROT_READ, MAP_PRIVATE, 6, 0 <unfinished ...>
383804 <... openat resumed>)            = 5
383803 <... mmap resumed>)              = 0x7f806873f000
383804 fstat(5,  <unfinished ...>
383803 close(6 <unfinished ...>
383804 <... fstat resumed>{st_mode=S_IFREG|0644, st_size=47, ...}) = 0
383803 <... close resumed>)             = 0
383804 mmap(NULL, 47, PROT_READ, MAP_PRIVATE, 5, 0 <unfinished ...>
383803 openat(AT_FDCWD, "/usr/lib/locale/C.UTF-8/LC_NUMERIC", O_RDONLY|O_CLOEXEC <unfinished ...>
383804 <... mmap resumed>)              = 0x7ff4e31c4000
383803 <... openat resumed>)            = 6
383804 close(5 <unfinished ...>
383803 fstat(6,  <unfinished ...>
383804 <... close resumed>)             = 0
383803 <... fstat resumed>{st_mode=S_IFREG|0644, st_size=50, ...}) = 0
383804 openat(AT_FDCWD, "/usr/lib/locale/C.UTF-8/LC_ADDRESS", O_RDONLY|O_CLOEXEC <unfinished ...>
383803 mmap(NULL, 50, PROT_READ, MAP_PRIVATE, 6, 0 <unfinished ...>
383804 <... openat resumed>)            = 5
383803 <... mmap resumed>)              = 0x7f80680f1000
383804 fstat(5,  <unfinished ...>
383803 close(6 <unfinished ...>
383804 <... fstat resumed>{st_mode=S_IFREG|0644, st_size=131, ...}) = 0
383803 <... close resumed>)             = 0
383804 mmap(NULL, 131, PROT_READ, MAP_PRIVATE, 5, 0 <unfinished ...>
383803 openat(AT_FDCWD, "/usr/lib/locale/C.UTF-8/LC_CTYPE", O_RDONLY|O_CLOEXEC <unfinished ...>
383804 <... mmap resumed>)              = 0x7ff4e31c3000
383803 <... openat resumed>)            = 6
383804 close(5 <unfinished ...>
383803 fstat(6,  <unfinished ...>
383804 <... close resumed>)             = 0
383803 <... fstat resumed>{st_mode=S_IFREG|0644, st_size=201272, ...}) = 0
383804 openat(AT_FDCWD, "/usr/lib/locale/C.UTF-8/LC_NAME", O_RDONLY|O_CLOEXEC <unfinished ...>
383803 mmap(NULL, 201272, PROT_READ, MAP_PRIVATE, 6, 0 <unfinished ...>
383804 <... openat resumed>)            = 5
383803 <... mmap resumed>)              = 0x7f80680bf000
383804 fstat(5,  <unfinished ...>
383803 close(6 <unfinished ...>
383804 <... fstat resumed>{st_mode=S_IFREG|0644, st_size=62, ...}) = 0
383803 <... close resumed>)             = 0
383804 mmap(NULL, 62, PROT_READ, MAP_PRIVATE, 5, 0 <unfinished ...>
383803 fstat(1,  <unfinished ...>
383804 <... mmap resumed>)              = 0x7ff4e31c2000
383803 <... fstat resumed>{st_mode=S_IFIFO|0600, st_size=0, ...}) = 0
383804 close(5 <unfinished ...>
383803 fstat(0,  <unfinished ...>
383804 <... close resumed>)             = 0
383803 <... fstat resumed>{st_mode=S_IFCHR|0600, st_rdev=makedev(0x88, 0xa), ...}) = 0
383804 openat(AT_FDCWD, "/usr/lib/locale/C.UTF-8/LC_PAPER", O_RDONLY|O_CLOEXEC <unfinished ...>
383803 fadvise64(0, 0, 0, POSIX_FADV_SEQUENTIAL <unfinished ...>
383804 <... openat resumed>)            = 5
383803 <... fadvise64 resumed>)         = 0
383804 fstat(5,  <unfinished ...>
383803 mmap(NULL, 139264, PROT_READ|PROT_WRITE, MAP_PRIVATE|MAP_ANONYMOUS, -1, 0 <unfinished ...>
383804 <... fstat resumed>{st_mode=S_IFREG|0644, st_size=34, ...}) = 0
383803 <... mmap resumed>)              = 0x7f806809d000
383804 mmap(NULL, 34, PROT_READ, MAP_PRIVATE, 5, 0 <unfinished ...>
383803 read(0,  <unfinished ...>
383804 <... mmap resumed>)              = 0x7ff4e31c1000
383804 close(5)                         = 0
383804 openat(AT_FDCWD, "/usr/lib/locale/C.UTF-8/LC_MESSAGES", O_RDONLY|O_CLOEXEC) = 5
383804 fstat(5, {st_mode=S_IFDIR|0755, st_size=4096, ...}) = 0
383804 close(5)                         = 0
383804 openat(AT_FDCWD, "/usr/lib/locale/C.UTF-8/LC_MESSAGES/SYS_LC_MESSAGES", O_RDONLY|O_CLOEXEC) = 5
383804 fstat(5, {st_mode=S_IFREG|0644, st_size=48, ...}) = 0
383804 mmap(NULL, 48, PROT_READ, MAP_PRIVATE, 5, 0) = 0x7ff4e31c0000
383804 close(5)                         = 0
383804 openat(AT_FDCWD, "/usr/lib/locale/C.UTF-8/LC_MONETARY", O_RDONLY|O_CLOEXEC) = 5
383804 fstat(5, {st_mode=S_IFREG|0644, st_size=270, ...}) = 0
383804 mmap(NULL, 270, PROT_READ, MAP_PRIVATE, 5, 0) = 0x7ff4e31bf000
383804 close(5)                         = 0
383804 openat(AT_FDCWD, "/usr/lib/locale/C.UTF-8/LC_COLLATE", O_RDONLY|O_CLOEXEC) = 5
383804 fstat(5, {st_mode=S_IFREG|0644, st_size=1518110, ...}) = 0
383804 mmap(NULL, 1518110, PROT_READ, MAP_PRIVATE, 5, 0) = 0x7ff4e2a8a000
383804 close(5)                         = 0
383804 openat(AT_FDCWD, "/usr/lib/locale/C.UTF-8/LC_TIME", O_RDONLY|O_CLOEXEC) = 5
383804 fstat(5, {st_mode=S_IFREG|0644, st_size=3360, ...}) = 0
383804 mmap(NULL, 3360, PROT_READ, MAP_PRIVATE, 5, 0) = 0x7ff4e31be000
383804 close(5)                         = 0
383804 openat(AT_FDCWD, "/usr/lib/locale/C.UTF-8/LC_NUMERIC", O_RDONLY|O_CLOEXEC) = 5
383804 fstat(5, {st_mode=S_IFREG|0644, st_size=50, ...}) = 0
383804 mmap(NULL, 50, PROT_READ, MAP_PRIVATE, 5, 0) = 0x7ff4e2a89000
383804 close(5)                         = 0
383804 openat(AT_FDCWD, "/usr/lib/locale/C.UTF-8/LC_CTYPE", O_RDONLY|O_CLOEXEC) = 5
383804 fstat(5, {st_mode=S_IFREG|0644, st_size=201272, ...}) = 0
383804 mmap(NULL, 201272, PROT_READ, MAP_PRIVATE, 5, 0) = 0x7ff4e2a57000
383804 close(5)                         = 0
383804 ioctl(1, TCGETS, {B9600 opost isig icanon echo ...}) = 0
383804 ioctl(1, TIOCGWINSZ, {ws_row=37, ws_col=119, ws_xpixel=1430, ws_ypixel=895}) = 0
383804 openat(AT_FDCWD, ".", O_RDONLY|O_NONBLOCK|O_CLOEXEC|O_DIRECTORY) = 5
383804 fstat(5, {st_mode=S_IFDIR|0755, st_size=4096, ...}) = 0
383804 getdents64(5, /* 14 entries */, 32768) = 424
383804 getdents64(5, /* 0 entries */, 32768) = 0
383804 close(5)                         = 0
383804 fstat(1, {st_mode=S_IFCHR|0600, st_rdev=makedev(0x88, 0xa), ...}) = 0
383804 write(1, "Makefile  TODOLIST  build  file "..., 109) = 109
383804 close(1)                         = 0
383804 close(2)                         = 0
383804 exit_group(0)                    = ?
383804 +++ exited with 0 +++
383789 <... wait4 resumed>0x558a945d3014, WSTOPPED, NULL) = ? ERESTARTSYS (To be restarted if SA_RESTART is set)
383789 --- SIGCHLD {si_signo=SIGCHLD, si_code=CLD_EXITED, si_pid=383804, si_uid=0, si_status=0, si_utime=0, si_stime=0} ---
383789 wait4(383803,  <unfinished ...>
383803 <... read resumed>"", 131072)    = 0
383803 munmap(0x7f806809d000, 139264)   = 0
383803 close(0)                         = 0
383803 close(1)                         = 0
383803 close(2)                         = 0
383803 exit_group(0)                    = ?
383803 +++ exited with 0 +++
383789 <... wait4 resumed>[{WIFEXITED(s) && WEXITSTATUS(s) == 0}], WSTOPPED, NULL) = 383803
383789 --- SIGCHLD {si_signo=SIGCHLD, si_code=CLD_EXITED, si_pid=383803, si_uid=0, si_status=0, si_utime=0, si_stime=0} ---
383789 rt_sigaction(SIGINT, {sa_handler=0x558a945c7c3b, sa_mask=[INT], sa_flags=SA_RESTORER|SA_RESTART, sa_restorer=0x7f44b5b4e090}, {sa_handler=SIG_IGN, sa_mask=[INT], sa_flags=SA_RESTORER|SA_RESTART, sa_restorer=0x7f44b5b4e090}, 8) = 0
383789 rt_sigaction(SIGQUIT, {sa_handler=0x558a945c7c3b, sa_mask=[QUIT], sa_flags=SA_RESTORER|SA_RESTART, sa_restorer=0x7f44b5b4e090}, {sa_handler=SIG_IGN, sa_mask=[QUIT], sa_flags=SA_RESTORER|SA_RESTART, sa_restorer=0x7f44b5b4e090}, 8) = 0
383789 getcwd("/root/42Projects/minishell", 1024) = 27
383789 ioctl(0, TIOCGWINSZ, {ws_row=37, ws_col=119, ws_xpixel=1430, ws_ypixel=895}) = 0
383789 ioctl(0, TIOCSWINSZ, {ws_row=37, ws_col=119, ws_xpixel=1430, ws_ypixel=895}) = 0
383789 ioctl(0, TCGETS, {B9600 opost isig icanon echo ...}) = 0
383789 ioctl(0, TCGETS, {B9600 opost isig icanon echo ...}) = 0
383789 ioctl(0, SNDCTL_TMR_STOP or TCSETSW, {B9600 opost isig -icanon -echo ...}) = 0
383789 ioctl(0, TCGETS, {B9600 opost isig -icanon -echo ...}) = 0
383789 rt_sigprocmask(SIG_BLOCK, [HUP INT QUIT ALRM TERM TSTP TTIN TTOU], [], 8) = 0
383789 rt_sigaction(SIGINT, {sa_handler=0x7f44b5d2a8c0, sa_mask=[], sa_flags=SA_RESTORER, sa_restorer=0x7f44b5b4e090}, {sa_handler=0x558a945c7c3b, sa_mask=[INT], sa_flags=SA_RESTORER|SA_RESTART, sa_restorer=0x7f44b5b4e090}, 8) = 0
383789 rt_sigaction(SIGTERM, {sa_handler=0x7f44b5d2a8c0, sa_mask=[], sa_flags=SA_RESTORER, sa_restorer=0x7f44b5b4e090}, {sa_handler=SIG_DFL, sa_mask=[], sa_flags=SA_RESTORER, sa_restorer=0x7f44b5b4e090}, 8) = 0
383789 rt_sigaction(SIGHUP, {sa_handler=0x7f44b5d2a8c0, sa_mask=[], sa_flags=SA_RESTORER, sa_restorer=0x7f44b5b4e090}, {sa_handler=SIG_DFL, sa_mask=[], sa_flags=SA_RESTORER, sa_restorer=0x7f44b5b4e090}, 8) = 0
383789 rt_sigaction(SIGQUIT, {sa_handler=0x7f44b5d2a8c0, sa_mask=[], sa_flags=SA_RESTORER, sa_restorer=0x7f44b5b4e090}, {sa_handler=0x558a945c7c3b, sa_mask=[QUIT], sa_flags=SA_RESTORER|SA_RESTART, sa_restorer=0x7f44b5b4e090}, 8) = 0
383789 rt_sigaction(SIGALRM, {sa_handler=0x7f44b5d2a8c0, sa_mask=[], sa_flags=SA_RESTORER, sa_restorer=0x7f44b5b4e090}, {sa_handler=SIG_DFL, sa_mask=[], sa_flags=SA_RESTORER, sa_restorer=0x7f44b5b4e090}, 8) = 0
383789 rt_sigaction(SIGTSTP, {sa_handler=0x7f44b5d2a8c0, sa_mask=[], sa_flags=SA_RESTORER, sa_restorer=0x7f44b5b4e090}, {sa_handler=SIG_DFL, sa_mask=[], sa_flags=SA_RESTORER, sa_restorer=0x7f44b5b4e090}, 8) = 0
383789 rt_sigaction(SIGTTOU, {sa_handler=0x7f44b5d2a8c0, sa_mask=[], sa_flags=SA_RESTORER, sa_restorer=0x7f44b5b4e090}, {sa_handler=SIG_DFL, sa_mask=[], sa_flags=SA_RESTORER, sa_restorer=0x7f44b5b4e090}, 8) = 0
383789 rt_sigaction(SIGTTIN, {sa_handler=0x7f44b5d2a8c0, sa_mask=[], sa_flags=SA_RESTORER, sa_restorer=0x7f44b5b4e090}, {sa_handler=SIG_DFL, sa_mask=[], sa_flags=SA_RESTORER, sa_restorer=0x7f44b5b4e090}, 8) = 0
383789 rt_sigprocmask(SIG_SETMASK, [], NULL, 8) = 0
383789 rt_sigaction(SIGWINCH, {sa_handler=0x7f44b5d29d40, sa_mask=[], sa_flags=SA_RESTORER|SA_RESTART, sa_restorer=0x7f44b5b4e090}, {sa_handler=SIG_DFL, sa_mask=[], sa_flags=SA_RESTORER, sa_restorer=0x7f44b5b4e090}, 8) = 0
383789 write(1, "\33[32mroot\33[0m@minishell-4.2$ ./\33"..., 51) = 51
383789 pselect6(1, [0], NULL, NULL, NULL, {[], 8}) = 1 (in [0])
383789 read(0, "\33", 1)                = 1
383789 pselect6(1, [0], NULL, NULL, NULL, {[], 8}) = 1 (in [0])
383789 read(0, "[", 1)                  = 1
383789 pselect6(1, [0], NULL, NULL, NULL, {[], 8}) = 1 (in [0])
383789 read(0, "A", 1)                  = 1
383789 write(1, "cat | ls", 8)          = 8
383789 pselect6(1, [0], NULL, NULL, NULL, {[], 8}) = 1 (in [0])
383789 read(0, "\r", 1)                 = 1
383789 write(1, "\n", 1)                = 1
383789 ioctl(0, TCGETS, {B9600 opost isig -icanon -echo ...}) = 0
383789 ioctl(0, SNDCTL_TMR_STOP or TCSETSW, {B9600 opost isig icanon echo ...}) = 0
383789 ioctl(0, TCGETS, {B9600 opost isig icanon echo ...}) = 0
383789 rt_sigaction(SIGINT, {sa_handler=0x558a945c7c3b, sa_mask=[INT], sa_flags=SA_RESTORER|SA_RESTART, sa_restorer=0x7f44b5b4e090}, {sa_handler=0x7f44b5d2a8c0, sa_mask=[], sa_flags=SA_RESTORER, sa_restorer=0x7f44b5b4e090}, 8) = 0
383789 rt_sigaction(SIGTERM, {sa_handler=SIG_DFL, sa_mask=[], sa_flags=SA_RESTORER, sa_restorer=0x7f44b5b4e090}, {sa_handler=0x7f44b5d2a8c0, sa_mask=[], sa_flags=SA_RESTORER, sa_restorer=0x7f44b5b4e090}, 8) = 0
383789 rt_sigaction(SIGHUP, {sa_handler=SIG_DFL, sa_mask=[], sa_flags=SA_RESTORER, sa_restorer=0x7f44b5b4e090}, {sa_handler=0x7f44b5d2a8c0, sa_mask=[], sa_flags=SA_RESTORER, sa_restorer=0x7f44b5b4e090}, 8) = 0
383789 rt_sigaction(SIGQUIT, {sa_handler=0x558a945c7c3b, sa_mask=[QUIT], sa_flags=SA_RESTORER|SA_RESTART, sa_restorer=0x7f44b5b4e090}, {sa_handler=0x7f44b5d2a8c0, sa_mask=[], sa_flags=SA_RESTORER, sa_restorer=0x7f44b5b4e090}, 8) = 0
383789 rt_sigaction(SIGALRM, {sa_handler=SIG_DFL, sa_mask=[], sa_flags=SA_RESTORER, sa_restorer=0x7f44b5b4e090}, {sa_handler=0x7f44b5d2a8c0, sa_mask=[], sa_flags=SA_RESTORER, sa_restorer=0x7f44b5b4e090}, 8) = 0
383789 rt_sigaction(SIGTSTP, {sa_handler=SIG_DFL, sa_mask=[], sa_flags=SA_RESTORER, sa_restorer=0x7f44b5b4e090}, {sa_handler=0x7f44b5d2a8c0, sa_mask=[], sa_flags=SA_RESTORER, sa_restorer=0x7f44b5b4e090}, 8) = 0
383789 rt_sigaction(SIGTTOU, {sa_handler=SIG_DFL, sa_mask=[], sa_flags=SA_RESTORER, sa_restorer=0x7f44b5b4e090}, {sa_handler=0x7f44b5d2a8c0, sa_mask=[], sa_flags=SA_RESTORER, sa_restorer=0x7f44b5b4e090}, 8) = 0
383789 rt_sigaction(SIGTTIN, {sa_handler=SIG_DFL, sa_mask=[], sa_flags=SA_RESTORER, sa_restorer=0x7f44b5b4e090}, {sa_handler=0x7f44b5d2a8c0, sa_mask=[], sa_flags=SA_RESTORER, sa_restorer=0x7f44b5b4e090}, 8) = 0
383789 rt_sigaction(SIGWINCH, {sa_handler=SIG_DFL, sa_mask=[], sa_flags=SA_RESTORER, sa_restorer=0x7f44b5b4e090}, {sa_handler=0x7f44b5d29d40, sa_mask=[], sa_flags=SA_RESTORER|SA_RESTART, sa_restorer=0x7f44b5b4e090}, 8) = 0
383789 rt_sigaction(SIGINT, {sa_handler=SIG_IGN, sa_mask=[INT], sa_flags=SA_RESTORER|SA_RESTART, sa_restorer=0x7f44b5b4e090}, {sa_handler=0x558a945c7c3b, sa_mask=[INT], sa_flags=SA_RESTORER|SA_RESTART, sa_restorer=0x7f44b5b4e090}, 8) = 0
383789 rt_sigaction(SIGQUIT, {sa_handler=SIG_IGN, sa_mask=[QUIT], sa_flags=SA_RESTORER|SA_RESTART, sa_restorer=0x7f44b5b4e090}, {sa_handler=0x558a945c7c3b, sa_mask=[QUIT], sa_flags=SA_RESTORER|SA_RESTART, sa_restorer=0x7f44b5b4e090}, 8) = 0
383789 pipe([5, 6])                     = 0
383789 write(1, "in: 0 | out: 6\n", 15) = 15
383789 write(1, "in: 5 | out: 1\n", 15) = 15
383789 clone(child_stack=NULL, flags=CLONE_CHILD_CLEARTID|CLONE_CHILD_SETTID|SIGCHLD, child_tidptr=0x7f44b5ad8a10) = 383807
383789 close(6)                         = 0
383789 clone(child_stack=NULL, flags=CLONE_CHILD_CLEARTID|CLONE_CHILD_SETTID|SIGCHLD, child_tidptr=0x7f44b5ad8a10) = 383808
383789 close(5)                         = 0
383789 wait4(383807,  <unfinished ...>
383808 rt_sigaction(SIGINT, {sa_handler=SIG_DFL, sa_mask=[INT], sa_flags=SA_RESTORER|SA_RESTART, sa_restorer=0x7f44b5b4e090},  <unfinished ...>
383807 rt_sigaction(SIGINT, {sa_handler=SIG_DFL, sa_mask=[INT], sa_flags=SA_RESTORER|SA_RESTART, sa_restorer=0x7f44b5b4e090},  <unfinished ...>
383808 <... rt_sigaction resumed>{sa_handler=SIG_IGN, sa_mask=[INT], sa_flags=SA_RESTORER|SA_RESTART, sa_restorer=0x7f44b5b4e090}, 8) = 0
383808 rt_sigaction(SIGQUIT, {sa_handler=SIG_DFL, sa_mask=[QUIT], sa_flags=SA_RESTORER|SA_RESTART, sa_restorer=0x7f44b5b4e090},  <unfinished ...>
383807 <... rt_sigaction resumed>{sa_handler=SIG_IGN, sa_mask=[INT], sa_flags=SA_RESTORER|SA_RESTART, sa_restorer=0x7f44b5b4e090}, 8) = 0
383807 rt_sigaction(SIGQUIT, {sa_handler=SIG_DFL, sa_mask=[QUIT], sa_flags=SA_RESTORER|SA_RESTART, sa_restorer=0x7f44b5b4e090},  <unfinished ...>
383808 <... rt_sigaction resumed>{sa_handler=SIG_IGN, sa_mask=[QUIT], sa_flags=SA_RESTORER|SA_RESTART, sa_restorer=0x7f44b5b4e090}, 8) = 0
383808 write(1, "ayo?\n", 5 <unfinished ...>
383807 <... rt_sigaction resumed>{sa_handler=SIG_IGN, sa_mask=[QUIT], sa_flags=SA_RESTORER|SA_RESTART, sa_restorer=0x7f44b5b4e090}, 8) = 0
383807 write(1, "ayo?\n", 5)            = 5
383808 <... write resumed>)             = 5
383808 dup2(5, 0 <unfinished ...>
383807 dup2(6, 1)                       = 1
383808 <... dup2 resumed>)              = 0
383808 close(5 <unfinished ...>
383807 close(6 <unfinished ...>
383808 <... close resumed>)             = 0
383808 access("ls", X_OK <unfinished ...>
383807 <... close resumed>)             = 0
383807 access("cat", X_OK)              = -1 ENOENT (No such file or directory)
383808 <... access resumed>)            = -1 ENOENT (No such file or directory)
383808 access("/usr/local/sbin/ls", X_OK <unfinished ...>
383807 access("/usr/local/sbin/cat", X_OK <unfinished ...>
383808 <... access resumed>)            = -1 ENOENT (No such file or directory)
383807 <... access resumed>)            = -1 ENOENT (No such file or directory)
383807 access("cat", X_OK <unfinished ...>
383808 access("ls", X_OK <unfinished ...>
383807 <... access resumed>)            = -1 ENOENT (No such file or directory)
383808 <... access resumed>)            = -1 ENOENT (No such file or directory)
383807 access("/usr/local/bin/cat", X_OK <unfinished ...>
383808 access("/usr/local/bin/ls", X_OK) = -1 ENOENT (No such file or directory)
383807 <... access resumed>)            = -1 ENOENT (No such file or directory)
383808 access("ls", X_OK <unfinished ...>
383807 access("cat", X_OK <unfinished ...>
383808 <... access resumed>)            = -1 ENOENT (No such file or directory)
383807 <... access resumed>)            = -1 ENOENT (No such file or directory)
383808 access("/usr/sbin/ls", X_OK <unfinished ...>
383807 access("/usr/sbin/cat", X_OK <unfinished ...>
383808 <... access resumed>)            = -1 ENOENT (No such file or directory)
383807 <... access resumed>)            = -1 ENOENT (No such file or directory)
383807 access("cat", X_OK <unfinished ...>
383808 access("ls", X_OK <unfinished ...>
383807 <... access resumed>)            = -1 ENOENT (No such file or directory)
383808 <... access resumed>)            = -1 ENOENT (No such file or directory)
383807 access("/usr/bin/cat", X_OK <unfinished ...>
383808 access("/usr/bin/ls", X_OK <unfinished ...>
383807 <... access resumed>)            = 0
383808 <... access resumed>)            = 0
383808 execve("/usr/bin/ls", ["ls"], 0x7ffcaad954c8 /* 24 vars */ <unfinished ...>
383807 execve("/usr/bin/cat", ["cat"], 0x7ffcaad954c8 /* 24 vars */) = 0
383807 brk(NULL)                        = 0x55912d933000
383807 arch_prctl(0x3001 /* ARCH_??? */, 0x7ffc488a6aa0) = -1 EINVAL (Invalid argument)
383807 access("/etc/ld.so.preload", R_OK <unfinished ...>
383808 <... execve resumed>)            = 0
383808 brk(NULL <unfinished ...>
383807 <... access resumed>)            = -1 ENOENT (No such file or directory)
383807 openat(AT_FDCWD, "/etc/ld.so.cache", O_RDONLY|O_CLOEXEC <unfinished ...>
383808 <... brk resumed>)               = 0x55d44ac19000
383808 arch_prctl(0x3001 /* ARCH_??? */, 0x7fffee57edd0 <unfinished ...>
383807 <... openat resumed>)            = 6
383807 fstat(6,  <unfinished ...>
383808 <... arch_prctl resumed>)        = -1 EINVAL (Invalid argument)
383807 <... fstat resumed>{st_mode=S_IFREG|0644, st_size=59364, ...}) = 0
383808 access("/etc/ld.so.preload", R_OK <unfinished ...>
383807 mmap(NULL, 59364, PROT_READ, MAP_PRIVATE, 6, 0) = 0x7fc0c3950000
383807 close(6)                         = 0
383807 openat(AT_FDCWD, "/lib/x86_64-linux-gnu/libc.so.6", O_RDONLY|O_CLOEXEC <unfinished ...>
383808 <... access resumed>)            = -1 ENOENT (No such file or directory)
383807 <... openat resumed>)            = 6
383808 openat(AT_FDCWD, "/etc/ld.so.cache", O_RDONLY|O_CLOEXEC <unfinished ...>
383807 read(6, "\177ELF\2\1\1\3\0\0\0\0\0\0\0\0\3\0>\0\1\0\0\0\300A\2\0\0\0\0\0"..., 832) = 832
383808 <... openat resumed>)            = 5
383807 pread64(6,  <unfinished ...>
383808 fstat(5,  <unfinished ...>
383807 <... pread64 resumed>"\6\0\0\0\4\0\0\0@\0\0\0\0\0\0\0@\0\0\0\0\0\0\0@\0\0\0\0\0\0\0"..., 784, 64) = 784
383808 <... fstat resumed>{st_mode=S_IFREG|0644, st_size=59364, ...}) = 0
383807 pread64(6,  <unfinished ...>
383808 mmap(NULL, 59364, PROT_READ, MAP_PRIVATE, 5, 0 <unfinished ...>
383807 <... pread64 resumed>"\4\0\0\0\20\0\0\0\5\0\0\0GNU\0\2\0\0\300\4\0\0\0\3\0\0\0\0\0\0\0", 32, 848) = 32
383808 <... mmap resumed>)              = 0x7f0886037000
383807 pread64(6, "\4\0\0\0\24\0\0\0\3\0\0\0GNU\0\30x\346\264ur\f|Q\226\236i\253-'o"..., 68, 880) = 68
383807 fstat(6,  <unfinished ...>
383808 close(5 <unfinished ...>
383807 <... fstat resumed>{st_mode=S_IFREG|0755, st_size=2029592, ...}) = 0
383808 <... close resumed>)             = 0
383807 mmap(NULL, 8192, PROT_READ|PROT_WRITE, MAP_PRIVATE|MAP_ANONYMOUS, -1, 0 <unfinished ...>
383808 openat(AT_FDCWD, "/lib/x86_64-linux-gnu/libselinux.so.1", O_RDONLY|O_CLOEXEC <unfinished ...>
383807 <... mmap resumed>)              = 0x7fc0c394e000
383807 pread64(6,  <unfinished ...>
383808 <... openat resumed>)            = 5
383807 <... pread64 resumed>"\6\0\0\0\4\0\0\0@\0\0\0\0\0\0\0@\0\0\0\0\0\0\0@\0\0\0\0\0\0\0"..., 784, 64) = 784
383807 pread64(6,  <unfinished ...>
383808 read(5,  <unfinished ...>
383807 <... pread64 resumed>"\4\0\0\0\20\0\0\0\5\0\0\0GNU\0\2\0\0\300\4\0\0\0\3\0\0\0\0\0\0\0", 32, 848) = 32
383808 <... read resumed>"\177ELF\2\1\1\0\0\0\0\0\0\0\0\0\3\0>\0\1\0\0\0@p\0\0\0\0\0\0"..., 832) = 832
383807 pread64(6, "\4\0\0\0\24\0\0\0\3\0\0\0GNU\0\30x\346\264ur\f|Q\226\236i\253-'o"..., 68, 880) = 68
383808 fstat(5,  <unfinished ...>
383807 mmap(NULL, 2037344, PROT_READ, MAP_PRIVATE|MAP_DENYWRITE, 6, 0 <unfinished ...>
383808 <... fstat resumed>{st_mode=S_IFREG|0644, st_size=163200, ...}) = 0
383807 <... mmap resumed>)              = 0x7fc0c375c000
383808 mmap(NULL, 8192, PROT_READ|PROT_WRITE, MAP_PRIVATE|MAP_ANONYMOUS, -1, 0) = 0x7f0886035000
383808 mmap(NULL, 174600, PROT_READ, MAP_PRIVATE|MAP_DENYWRITE, 5, 0 <unfinished ...>
383807 mmap(0x7fc0c377e000, 1540096, PROT_READ|PROT_EXEC, MAP_PRIVATE|MAP_FIXED|MAP_DENYWRITE, 6, 0x22000) = 0x7fc0c377e000
383808 <... mmap resumed>)              = 0x7f088600a000
383808 mprotect(0x7f0886010000, 135168, PROT_NONE <unfinished ...>
383807 mmap(0x7fc0c38f6000, 319488, PROT_READ, MAP_PRIVATE|MAP_FIXED|MAP_DENYWRITE, 6, 0x19a000 <unfinished ...>
383808 <... mprotect resumed>)          = 0
383807 <... mmap resumed>)              = 0x7fc0c38f6000
383807 mmap(0x7fc0c3944000, 24576, PROT_READ|PROT_WRITE, MAP_PRIVATE|MAP_FIXED|MAP_DENYWRITE, 6, 0x1e7000 <unfinished ...>
383808 mmap(0x7f0886010000, 102400, PROT_READ|PROT_EXEC, MAP_PRIVATE|MAP_FIXED|MAP_DENYWRITE, 5, 0x6000) = 0x7f0886010000
383807 <... mmap resumed>)              = 0x7fc0c3944000
383808 mmap(0x7f0886029000, 28672, PROT_READ, MAP_PRIVATE|MAP_FIXED|MAP_DENYWRITE, 5, 0x1f000 <unfinished ...>
383807 mmap(0x7fc0c394a000, 13920, PROT_READ|PROT_WRITE, MAP_PRIVATE|MAP_FIXED|MAP_ANONYMOUS, -1, 0 <unfinished ...>
383808 <... mmap resumed>)              = 0x7f0886029000
383808 mmap(0x7f0886031000, 8192, PROT_READ|PROT_WRITE, MAP_PRIVATE|MAP_FIXED|MAP_DENYWRITE, 5, 0x26000 <unfinished ...>
383807 <... mmap resumed>)              = 0x7fc0c394a000
383808 <... mmap resumed>)              = 0x7f0886031000
383807 close(6 <unfinished ...>
383808 mmap(0x7f0886033000, 6664, PROT_READ|PROT_WRITE, MAP_PRIVATE|MAP_FIXED|MAP_ANONYMOUS, -1, 0) = 0x7f0886033000
383807 <... close resumed>)             = 0
383808 close(5 <unfinished ...>
383807 arch_prctl(ARCH_SET_FS, 0x7fc0c394f580 <unfinished ...>
383808 <... close resumed>)             = 0
383808 openat(AT_FDCWD, "/lib/x86_64-linux-gnu/libc.so.6", O_RDONLY|O_CLOEXEC <unfinished ...>
383807 <... arch_prctl resumed>)        = 0
383807 mprotect(0x7fc0c3944000, 16384, PROT_READ <unfinished ...>
383808 <... openat resumed>)            = 5
383808 read(5, "\177ELF\2\1\1\3\0\0\0\0\0\0\0\0\3\0>\0\1\0\0\0\300A\2\0\0\0\0\0"..., 832) = 832
383808 pread64(5, "\6\0\0\0\4\0\0\0@\0\0\0\0\0\0\0@\0\0\0\0\0\0\0@\0\0\0\0\0\0\0"..., 784, 64) = 784
383808 pread64(5, "\4\0\0\0\20\0\0\0\5\0\0\0GNU\0\2\0\0\300\4\0\0\0\3\0\0\0\0\0\0\0", 32, 848) = 32
383808 pread64(5, "\4\0\0\0\24\0\0\0\3\0\0\0GNU\0\30x\346\264ur\f|Q\226\236i\253-'o"..., 68, 880) = 68
383808 fstat(5, {st_mode=S_IFREG|0755, st_size=2029592, ...}) = 0
383808 pread64(5, "\6\0\0\0\4\0\0\0@\0\0\0\0\0\0\0@\0\0\0\0\0\0\0@\0\0\0\0\0\0\0"..., 784, 64) = 784
383808 pread64(5, "\4\0\0\0\20\0\0\0\5\0\0\0GNU\0\2\0\0\300\4\0\0\0\3\0\0\0\0\0\0\0", 32, 848) = 32
383808 pread64(5, "\4\0\0\0\24\0\0\0\3\0\0\0GNU\0\30x\346\264ur\f|Q\226\236i\253-'o"..., 68, 880) = 68
383808 mmap(NULL, 2037344, PROT_READ, MAP_PRIVATE|MAP_DENYWRITE, 5, 0) = 0x7f0885e18000
383808 mmap(0x7f0885e3a000, 1540096, PROT_READ|PROT_EXEC, MAP_PRIVATE|MAP_FIXED|MAP_DENYWRITE, 5, 0x22000) = 0x7f0885e3a000
383808 mmap(0x7f0885fb2000, 319488, PROT_READ, MAP_PRIVATE|MAP_FIXED|MAP_DENYWRITE, 5, 0x19a000 <unfinished ...>
383807 <... mprotect resumed>)          = 0
383808 <... mmap resumed>)              = 0x7f0885fb2000
383808 mmap(0x7f0886000000, 24576, PROT_READ|PROT_WRITE, MAP_PRIVATE|MAP_FIXED|MAP_DENYWRITE, 5, 0x1e7000 <unfinished ...>
383807 mprotect(0x55912be25000, 4096, PROT_READ <unfinished ...>
383808 <... mmap resumed>)              = 0x7f0886000000
383808 mmap(0x7f0886006000, 13920, PROT_READ|PROT_WRITE, MAP_PRIVATE|MAP_FIXED|MAP_ANONYMOUS, -1, 0) = 0x7f0886006000
383808 close(5 <unfinished ...>
383807 <... mprotect resumed>)          = 0
383807 mprotect(0x7fc0c398c000, 4096, PROT_READ <unfinished ...>
383808 <... close resumed>)             = 0
383807 <... mprotect resumed>)          = 0
383808 openat(AT_FDCWD, "/lib/x86_64-linux-gnu/libpcre2-8.so.0", O_RDONLY|O_CLOEXEC <unfinished ...>
383807 munmap(0x7fc0c3950000, 59364 <unfinished ...>
383808 <... openat resumed>)            = 5
383807 <... munmap resumed>)            = 0
383808 read(5, "\177ELF\2\1\1\0\0\0\0\0\0\0\0\0\3\0>\0\1\0\0\0\340\"\0\0\0\0\0\0"..., 832) = 832
383808 fstat(5,  <unfinished ...>
383807 brk(NULL <unfinished ...>
383808 <... fstat resumed>{st_mode=S_IFREG|0644, st_size=588488, ...}) = 0
383808 mmap(NULL, 590632, PROT_READ, MAP_PRIVATE|MAP_DENYWRITE, 5, 0) = 0x7f0885d87000
383808 mmap(0x7f0885d89000, 413696, PROT_READ|PROT_EXEC, MAP_PRIVATE|MAP_FIXED|MAP_DENYWRITE, 5, 0x2000) = 0x7f0885d89000
383808 mmap(0x7f0885dee000, 163840, PROT_READ, MAP_PRIVATE|MAP_FIXED|MAP_DENYWRITE, 5, 0x67000) = 0x7f0885dee000
383808 mmap(0x7f0885e16000, 8192, PROT_READ|PROT_WRITE, MAP_PRIVATE|MAP_FIXED|MAP_DENYWRITE, 5, 0x8e000) = 0x7f0885e16000
383808 close(5)                         = 0
383808 openat(AT_FDCWD, "/lib/x86_64-linux-gnu/libdl.so.2", O_RDONLY|O_CLOEXEC) = 5
383807 <... brk resumed>)               = 0x55912d933000
383807 brk(0x55912d954000 <unfinished ...>
383808 read(5,  <unfinished ...>
383807 <... brk resumed>)               = 0x55912d954000
383808 <... read resumed>"\177ELF\2\1\1\0\0\0\0\0\0\0\0\0\3\0>\0\1\0\0\0 \22\0\0\0\0\0\0"..., 832) = 832
383807 openat(AT_FDCWD, "/usr/lib/locale/locale-archive", O_RDONLY|O_CLOEXEC <unfinished ...>
383808 fstat(5, {st_mode=S_IFREG|0644, st_size=18848, ...}) = 0
383808 mmap(NULL, 20752, PROT_READ, MAP_PRIVATE|MAP_DENYWRITE, 5, 0 <unfinished ...>
383807 <... openat resumed>)            = 6
383808 <... mmap resumed>)              = 0x7f0885d81000
383807 fstat(6,  <unfinished ...>
383808 mmap(0x7f0885d82000, 8192, PROT_READ|PROT_EXEC, MAP_PRIVATE|MAP_FIXED|MAP_DENYWRITE, 5, 0x1000 <unfinished ...>
383807 <... fstat resumed>{st_mode=S_IFREG|0644, st_size=3035952, ...}) = 0
383807 mmap(NULL, 3035952, PROT_READ, MAP_PRIVATE, 6, 0 <unfinished ...>
383808 <... mmap resumed>)              = 0x7f0885d82000
383807 <... mmap resumed>)              = 0x7fc0c3476000
383807 close(6 <unfinished ...>
383808 mmap(0x7f0885d84000, 4096, PROT_READ, MAP_PRIVATE|MAP_FIXED|MAP_DENYWRITE, 5, 0x3000) = 0x7f0885d84000
383807 <... close resumed>)             = 0
383808 mmap(0x7f0885d85000, 8192, PROT_READ|PROT_WRITE, MAP_PRIVATE|MAP_FIXED|MAP_DENYWRITE, 5, 0x3000 <unfinished ...>
383807 openat(AT_FDCWD, "/usr/share/locale/locale.alias", O_RDONLY|O_CLOEXEC <unfinished ...>
383808 <... mmap resumed>)              = 0x7f0885d85000
383807 <... openat resumed>)            = 6
383808 close(5 <unfinished ...>
383807 fstat(6,  <unfinished ...>
383808 <... close resumed>)             = 0
383807 <... fstat resumed>{st_mode=S_IFREG|0644, st_size=2996, ...}) = 0
383808 openat(AT_FDCWD, "/lib/x86_64-linux-gnu/libpthread.so.0", O_RDONLY|O_CLOEXEC <unfinished ...>
383807 read(6,  <unfinished ...>
383808 <... openat resumed>)            = 5
383807 <... read resumed>"# Locale name alias data base.\n#"..., 4096) = 2996
383808 read(5,  <unfinished ...>
383807 read(6,  <unfinished ...>
383808 <... read resumed>"\177ELF\2\1\1\0\0\0\0\0\0\0\0\0\3\0>\0\1\0\0\0\220q\0\0\0\0\0\0"..., 832) = 832
383807 <... read resumed>"", 4096)      = 0
383808 pread64(5,  <unfinished ...>
383807 close(6 <unfinished ...>
383808 <... pread64 resumed>"\4\0\0\0\24\0\0\0\3\0\0\0GNU\0{E6\364\34\332\245\210\204\10\350-\0106\343="..., 68, 824) = 68
383807 <... close resumed>)             = 0
383808 fstat(5,  <unfinished ...>
383807 openat(AT_FDCWD, "/usr/lib/locale/C.UTF-8/LC_IDENTIFICATION", O_RDONLY|O_CLOEXEC <unfinished ...>
383808 <... fstat resumed>{st_mode=S_IFREG|0755, st_size=157224, ...}) = 0
383807 <... openat resumed>)            = 6
383808 pread64(5,  <unfinished ...>
383807 fstat(6,  <unfinished ...>
383808 <... pread64 resumed>"\4\0\0\0\24\0\0\0\3\0\0\0GNU\0{E6\364\34\332\245\210\204\10\350-\0106\343="..., 68, 824) = 68
383807 <... fstat resumed>{st_mode=S_IFREG|0644, st_size=252, ...}) = 0
383808 mmap(NULL, 140408, PROT_READ, MAP_PRIVATE|MAP_DENYWRITE, 5, 0 <unfinished ...>
383807 mmap(NULL, 252, PROT_READ, MAP_PRIVATE, 6, 0 <unfinished ...>
383808 <... mmap resumed>)              = 0x7f0885d5e000
383807 <... mmap resumed>)              = 0x7fc0c398b000
383808 mmap(0x7f0885d64000, 69632, PROT_READ|PROT_EXEC, MAP_PRIVATE|MAP_FIXED|MAP_DENYWRITE, 5, 0x6000 <unfinished ...>
383807 close(6 <unfinished ...>
383808 <... mmap resumed>)              = 0x7f0885d64000
383807 <... close resumed>)             = 0
383808 mmap(0x7f0885d75000, 24576, PROT_READ, MAP_PRIVATE|MAP_FIXED|MAP_DENYWRITE, 5, 0x17000 <unfinished ...>
383807 openat(AT_FDCWD, "/usr/lib/x86_64-linux-gnu/gconv/gconv-modules.cache", O_RDONLY <unfinished ...>
383808 <... mmap resumed>)              = 0x7f0885d75000
383807 <... openat resumed>)            = 6
383808 mmap(0x7f0885d7b000, 8192, PROT_READ|PROT_WRITE, MAP_PRIVATE|MAP_FIXED|MAP_DENYWRITE, 5, 0x1c000 <unfinished ...>
383807 fstat(6,  <unfinished ...>
383808 <... mmap resumed>)              = 0x7f0885d7b000
383807 <... fstat resumed>{st_mode=S_IFREG|0644, st_size=27002, ...}) = 0
383808 mmap(0x7f0885d7d000, 13432, PROT_READ|PROT_WRITE, MAP_PRIVATE|MAP_FIXED|MAP_ANONYMOUS, -1, 0 <unfinished ...>
383807 mmap(NULL, 27002, PROT_READ, MAP_SHARED, 6, 0 <unfinished ...>
383808 <... mmap resumed>)              = 0x7f0885d7d000
383807 <... mmap resumed>)              = 0x7fc0c3958000
383808 close(5 <unfinished ...>
383807 close(6 <unfinished ...>
383808 <... close resumed>)             = 0
383807 <... close resumed>)             = 0
383808 mmap(NULL, 8192, PROT_READ|PROT_WRITE, MAP_PRIVATE|MAP_ANONYMOUS, -1, 0 <unfinished ...>
383807 openat(AT_FDCWD, "/usr/lib/locale/C.UTF-8/LC_MEASUREMENT", O_RDONLY|O_CLOEXEC <unfinished ...>
383808 <... mmap resumed>)              = 0x7f0885d5c000
383807 <... openat resumed>)            = 6
383808 arch_prctl(ARCH_SET_FS, 0x7f0885d5d400 <unfinished ...>
383807 fstat(6,  <unfinished ...>
383808 <... arch_prctl resumed>)        = 0
383807 <... fstat resumed>{st_mode=S_IFREG|0644, st_size=23, ...}) = 0
383808 mprotect(0x7f0886000000, 16384, PROT_READ <unfinished ...>
383807 mmap(NULL, 23, PROT_READ, MAP_PRIVATE, 6, 0 <unfinished ...>
383808 <... mprotect resumed>)          = 0
383807 <... mmap resumed>)              = 0x7fc0c3957000
383808 mprotect(0x7f0885d7b000, 4096, PROT_READ <unfinished ...>
383807 close(6 <unfinished ...>
383808 <... mprotect resumed>)          = 0
383807 <... close resumed>)             = 0
383808 mprotect(0x7f0885d85000, 4096, PROT_READ <unfinished ...>
383807 openat(AT_FDCWD, "/usr/lib/locale/C.UTF-8/LC_TELEPHONE", O_RDONLY|O_CLOEXEC <unfinished ...>
383808 <... mprotect resumed>)          = 0
383807 <... openat resumed>)            = 6
383808 mprotect(0x7f0885e16000, 4096, PROT_READ <unfinished ...>
383807 fstat(6,  <unfinished ...>
383808 <... mprotect resumed>)          = 0
383807 <... fstat resumed>{st_mode=S_IFREG|0644, st_size=47, ...}) = 0
383808 mprotect(0x7f0886031000, 4096, PROT_READ <unfinished ...>
383807 mmap(NULL, 47, PROT_READ, MAP_PRIVATE, 6, 0 <unfinished ...>
383808 <... mprotect resumed>)          = 0
383807 <... mmap resumed>)              = 0x7fc0c3956000
383808 mprotect(0x55d44a5f9000, 4096, PROT_READ <unfinished ...>
383807 close(6 <unfinished ...>
383808 <... mprotect resumed>)          = 0
383807 <... close resumed>)             = 0
383808 mprotect(0x7f0886073000, 4096, PROT_READ <unfinished ...>
383807 openat(AT_FDCWD, "/usr/lib/locale/C.UTF-8/LC_ADDRESS", O_RDONLY|O_CLOEXEC <unfinished ...>
383808 <... mprotect resumed>)          = 0
383807 <... openat resumed>)            = 6
383808 munmap(0x7f0886037000, 59364 <unfinished ...>
383807 fstat(6,  <unfinished ...>
383808 <... munmap resumed>)            = 0
383807 <... fstat resumed>{st_mode=S_IFREG|0644, st_size=131, ...}) = 0
383808 set_tid_address(0x7f0885d5d6d0 <unfinished ...>
383807 mmap(NULL, 131, PROT_READ, MAP_PRIVATE, 6, 0 <unfinished ...>
383808 <... set_tid_address resumed>)   = 383808
383807 <... mmap resumed>)              = 0x7fc0c3955000
383808 set_robust_list(0x7f0885d5d6e0, 24 <unfinished ...>
383807 close(6 <unfinished ...>
383808 <... set_robust_list resumed>)   = 0
383807 <... close resumed>)             = 0
383808 rt_sigaction(SIGRTMIN, {sa_handler=0x7f0885d64bf0, sa_mask=[], sa_flags=SA_RESTORER|SA_SIGINFO, sa_restorer=0x7f0885d72420},  <unfinished ...>
383807 openat(AT_FDCWD, "/usr/lib/locale/C.UTF-8/LC_NAME", O_RDONLY|O_CLOEXEC <unfinished ...>
383808 <... rt_sigaction resumed>NULL, 8) = 0
383807 <... openat resumed>)            = 6
383808 rt_sigaction(SIGRT_1, {sa_handler=0x7f0885d64c90, sa_mask=[], sa_flags=SA_RESTORER|SA_RESTART|SA_SIGINFO, sa_restorer=0x7f0885d72420},  <unfinished ...>
383807 fstat(6,  <unfinished ...>
383808 <... rt_sigaction resumed>NULL, 8) = 0
383807 <... fstat resumed>{st_mode=S_IFREG|0644, st_size=62, ...}) = 0
383808 rt_sigprocmask(SIG_UNBLOCK, [RTMIN RT_1],  <unfinished ...>
383807 mmap(NULL, 62, PROT_READ, MAP_PRIVATE, 6, 0 <unfinished ...>
383808 <... rt_sigprocmask resumed>NULL, 8) = 0
383807 <... mmap resumed>)              = 0x7fc0c3954000
383808 prlimit64(0, RLIMIT_STACK, NULL,  <unfinished ...>
383807 close(6 <unfinished ...>
383808 <... prlimit64 resumed>{rlim_cur=8192*1024, rlim_max=RLIM64_INFINITY}) = 0
383807 <... close resumed>)             = 0
383808 statfs("/sys/fs/selinux",  <unfinished ...>
383807 openat(AT_FDCWD, "/usr/lib/locale/C.UTF-8/LC_PAPER", O_RDONLY|O_CLOEXEC <unfinished ...>
383808 <... statfs resumed>0x7fffee57ed20) = -1 ENOENT (No such file or directory)
383807 <... openat resumed>)            = 6
383808 statfs("/selinux",  <unfinished ...>
383807 fstat(6,  <unfinished ...>
383808 <... statfs resumed>0x7fffee57ed20) = -1 ENOENT (No such file or directory)
383807 <... fstat resumed>{st_mode=S_IFREG|0644, st_size=34, ...}) = 0
383808 brk(NULL <unfinished ...>
383807 mmap(NULL, 34, PROT_READ, MAP_PRIVATE, 6, 0 <unfinished ...>
383808 <... brk resumed>)               = 0x55d44ac19000
383807 <... mmap resumed>)              = 0x7fc0c3953000
383808 brk(0x55d44ac3a000 <unfinished ...>
383807 close(6 <unfinished ...>
383808 <... brk resumed>)               = 0x55d44ac3a000
383807 <... close resumed>)             = 0
383808 openat(AT_FDCWD, "/proc/filesystems", O_RDONLY|O_CLOEXEC <unfinished ...>
383807 openat(AT_FDCWD, "/usr/lib/locale/C.UTF-8/LC_MESSAGES", O_RDONLY|O_CLOEXEC <unfinished ...>
383808 <... openat resumed>)            = 5
383807 <... openat resumed>)            = 6
383808 fstat(5,  <unfinished ...>
383807 fstat(6,  <unfinished ...>
383808 <... fstat resumed>{st_mode=S_IFREG|0444, st_size=0, ...}) = 0
383807 <... fstat resumed>{st_mode=S_IFDIR|0755, st_size=4096, ...}) = 0
383808 read(5,  <unfinished ...>
383807 close(6 <unfinished ...>
383808 <... read resumed>"nodev\tsysfs\nnodev\ttmpfs\nnodev\tbd"..., 1024) = 402
383807 <... close resumed>)             = 0
383808 read(5,  <unfinished ...>
383807 openat(AT_FDCWD, "/usr/lib/locale/C.UTF-8/LC_MESSAGES/SYS_LC_MESSAGES", O_RDONLY|O_CLOEXEC <unfinished ...>
383808 <... read resumed>"", 1024)      = 0
383807 <... openat resumed>)            = 6
383808 close(5 <unfinished ...>
383807 fstat(6,  <unfinished ...>
383808 <... close resumed>)             = 0
383807 <... fstat resumed>{st_mode=S_IFREG|0644, st_size=48, ...}) = 0
383808 access("/etc/selinux/config", F_OK <unfinished ...>
383807 mmap(NULL, 48, PROT_READ, MAP_PRIVATE, 6, 0 <unfinished ...>
383808 <... access resumed>)            = -1 ENOENT (No such file or directory)
383807 <... mmap resumed>)              = 0x7fc0c3952000
383808 openat(AT_FDCWD, "/usr/lib/locale/locale-archive", O_RDONLY|O_CLOEXEC <unfinished ...>
383807 close(6 <unfinished ...>
383808 <... openat resumed>)            = 5
383807 <... close resumed>)             = 0
383808 fstat(5,  <unfinished ...>
383807 openat(AT_FDCWD, "/usr/lib/locale/C.UTF-8/LC_MONETARY", O_RDONLY|O_CLOEXEC <unfinished ...>
383808 <... fstat resumed>{st_mode=S_IFREG|0644, st_size=3035952, ...}) = 0
383807 <... openat resumed>)            = 6
383808 mmap(NULL, 3035952, PROT_READ, MAP_PRIVATE, 5, 0 <unfinished ...>
383807 fstat(6,  <unfinished ...>
383808 <... mmap resumed>)              = 0x7f0885a76000
383807 <... fstat resumed>{st_mode=S_IFREG|0644, st_size=270, ...}) = 0
383808 close(5 <unfinished ...>
383807 mmap(NULL, 270, PROT_READ, MAP_PRIVATE, 6, 0 <unfinished ...>
383808 <... close resumed>)             = 0
383807 <... mmap resumed>)              = 0x7fc0c3951000
383808 openat(AT_FDCWD, "/usr/share/locale/locale.alias", O_RDONLY|O_CLOEXEC <unfinished ...>
383807 close(6 <unfinished ...>
383808 <... openat resumed>)            = 5
383807 <... close resumed>)             = 0
383808 fstat(5,  <unfinished ...>
383807 openat(AT_FDCWD, "/usr/lib/locale/C.UTF-8/LC_COLLATE", O_RDONLY|O_CLOEXEC <unfinished ...>
383808 <... fstat resumed>{st_mode=S_IFREG|0644, st_size=2996, ...}) = 0
383807 <... openat resumed>)            = 6
383808 read(5,  <unfinished ...>
383807 fstat(6,  <unfinished ...>
383808 <... read resumed>"# Locale name alias data base.\n#"..., 4096) = 2996
383807 <... fstat resumed>{st_mode=S_IFREG|0644, st_size=1518110, ...}) = 0
383808 read(5,  <unfinished ...>
383807 mmap(NULL, 1518110, PROT_READ, MAP_PRIVATE, 6, 0 <unfinished ...>
383808 <... read resumed>"", 4096)      = 0
383807 <... mmap resumed>)              = 0x7fc0c3303000
383808 close(5 <unfinished ...>
383807 close(6 <unfinished ...>
383808 <... close resumed>)             = 0
383807 <... close resumed>)             = 0
383808 openat(AT_FDCWD, "/usr/lib/locale/C.UTF-8/LC_IDENTIFICATION", O_RDONLY|O_CLOEXEC <unfinished ...>
383807 openat(AT_FDCWD, "/usr/lib/locale/C.UTF-8/LC_TIME", O_RDONLY|O_CLOEXEC <unfinished ...>
383808 <... openat resumed>)            = 5
383807 <... openat resumed>)            = 6
383808 fstat(5,  <unfinished ...>
383807 fstat(6,  <unfinished ...>
383808 <... fstat resumed>{st_mode=S_IFREG|0644, st_size=252, ...}) = 0
383807 <... fstat resumed>{st_mode=S_IFREG|0644, st_size=3360, ...}) = 0
383808 mmap(NULL, 252, PROT_READ, MAP_PRIVATE, 5, 0 <unfinished ...>
383807 mmap(NULL, 3360, PROT_READ, MAP_PRIVATE, 6, 0 <unfinished ...>
383808 <... mmap resumed>)              = 0x7f0886072000
383807 <... mmap resumed>)              = 0x7fc0c3950000
383808 close(5 <unfinished ...>
383807 close(6 <unfinished ...>
383808 <... close resumed>)             = 0
383807 <... close resumed>)             = 0
383808 openat(AT_FDCWD, "/usr/lib/x86_64-linux-gnu/gconv/gconv-modules.cache", O_RDONLY <unfinished ...>
383807 openat(AT_FDCWD, "/usr/lib/locale/C.UTF-8/LC_NUMERIC", O_RDONLY|O_CLOEXEC <unfinished ...>
383808 <... openat resumed>)            = 5
383807 <... openat resumed>)            = 6
383808 fstat(5,  <unfinished ...>
383807 fstat(6,  <unfinished ...>
383808 <... fstat resumed>{st_mode=S_IFREG|0644, st_size=27002, ...}) = 0
383807 <... fstat resumed>{st_mode=S_IFREG|0644, st_size=50, ...}) = 0
383808 mmap(NULL, 27002, PROT_READ, MAP_SHARED, 5, 0 <unfinished ...>
383807 mmap(NULL, 50, PROT_READ, MAP_PRIVATE, 6, 0 <unfinished ...>
383808 <... mmap resumed>)              = 0x7f088603f000
383807 <... mmap resumed>)              = 0x7fc0c3302000
383808 close(5 <unfinished ...>
383807 close(6 <unfinished ...>
383808 <... close resumed>)             = 0
383807 <... close resumed>)             = 0
383808 futex(0x7f0886005954, FUTEX_WAKE_PRIVATE, 2147483647 <unfinished ...>
383807 openat(AT_FDCWD, "/usr/lib/locale/C.UTF-8/LC_CTYPE", O_RDONLY|O_CLOEXEC <unfinished ...>
383808 <... futex resumed>)             = 0
383807 <... openat resumed>)            = 6
383808 openat(AT_FDCWD, "/usr/lib/locale/C.UTF-8/LC_MEASUREMENT", O_RDONLY|O_CLOEXEC <unfinished ...>
383807 fstat(6,  <unfinished ...>
383808 <... openat resumed>)            = 5
383807 <... fstat resumed>{st_mode=S_IFREG|0644, st_size=201272, ...}) = 0
383808 fstat(5,  <unfinished ...>
383807 mmap(NULL, 201272, PROT_READ, MAP_PRIVATE, 6, 0 <unfinished ...>
383808 <... fstat resumed>{st_mode=S_IFREG|0644, st_size=23, ...}) = 0
383807 <... mmap resumed>)              = 0x7fc0c32d0000
383808 mmap(NULL, 23, PROT_READ, MAP_PRIVATE, 5, 0 <unfinished ...>
383807 close(6 <unfinished ...>
383808 <... mmap resumed>)              = 0x7f088603e000
383807 <... close resumed>)             = 0
383808 close(5 <unfinished ...>
383807 fstat(1,  <unfinished ...>
383808 <... close resumed>)             = 0
383807 <... fstat resumed>{st_mode=S_IFIFO|0600, st_size=0, ...}) = 0
383808 openat(AT_FDCWD, "/usr/lib/locale/C.UTF-8/LC_TELEPHONE", O_RDONLY|O_CLOEXEC <unfinished ...>
383807 fstat(0,  <unfinished ...>
383808 <... openat resumed>)            = 5
383807 <... fstat resumed>{st_mode=S_IFCHR|0600, st_rdev=makedev(0x88, 0xa), ...}) = 0
383808 fstat(5,  <unfinished ...>
383807 fadvise64(0, 0, 0, POSIX_FADV_SEQUENTIAL <unfinished ...>
383808 <... fstat resumed>{st_mode=S_IFREG|0644, st_size=47, ...}) = 0
383807 <... fadvise64 resumed>)         = 0
383808 mmap(NULL, 47, PROT_READ, MAP_PRIVATE, 5, 0 <unfinished ...>
383807 mmap(NULL, 139264, PROT_READ|PROT_WRITE, MAP_PRIVATE|MAP_ANONYMOUS, -1, 0 <unfinished ...>
383808 <... mmap resumed>)              = 0x7f088603d000
383807 <... mmap resumed>)              = 0x7fc0c32ae000
383808 close(5 <unfinished ...>
383807 read(0,  <unfinished ...>
383808 <... close resumed>)             = 0
383808 openat(AT_FDCWD, "/usr/lib/locale/C.UTF-8/LC_ADDRESS", O_RDONLY|O_CLOEXEC) = 5
383808 fstat(5, {st_mode=S_IFREG|0644, st_size=131, ...}) = 0
383808 mmap(NULL, 131, PROT_READ, MAP_PRIVATE, 5, 0) = 0x7f088603c000
383808 close(5)                         = 0
383808 openat(AT_FDCWD, "/usr/lib/locale/C.UTF-8/LC_NAME", O_RDONLY|O_CLOEXEC) = 5
383808 fstat(5, {st_mode=S_IFREG|0644, st_size=62, ...}) = 0
383808 mmap(NULL, 62, PROT_READ, MAP_PRIVATE, 5, 0) = 0x7f088603b000
383808 close(5)                         = 0
383808 openat(AT_FDCWD, "/usr/lib/locale/C.UTF-8/LC_PAPER", O_RDONLY|O_CLOEXEC) = 5
383808 fstat(5, {st_mode=S_IFREG|0644, st_size=34, ...}) = 0
383808 mmap(NULL, 34, PROT_READ, MAP_PRIVATE, 5, 0) = 0x7f088603a000
383808 close(5)                         = 0
383808 openat(AT_FDCWD, "/usr/lib/locale/C.UTF-8/LC_MESSAGES", O_RDONLY|O_CLOEXEC) = 5
383808 fstat(5, {st_mode=S_IFDIR|0755, st_size=4096, ...}) = 0
383808 close(5)                         = 0
383808 openat(AT_FDCWD, "/usr/lib/locale/C.UTF-8/LC_MESSAGES/SYS_LC_MESSAGES", O_RDONLY|O_CLOEXEC) = 5
383808 fstat(5, {st_mode=S_IFREG|0644, st_size=48, ...}) = 0
383808 mmap(NULL, 48, PROT_READ, MAP_PRIVATE, 5, 0) = 0x7f0886039000
383808 close(5)                         = 0
383808 openat(AT_FDCWD, "/usr/lib/locale/C.UTF-8/LC_MONETARY", O_RDONLY|O_CLOEXEC) = 5
383808 fstat(5, {st_mode=S_IFREG|0644, st_size=270, ...}) = 0
383808 mmap(NULL, 270, PROT_READ, MAP_PRIVATE, 5, 0) = 0x7f0886038000
383808 close(5)                         = 0
383808 openat(AT_FDCWD, "/usr/lib/locale/C.UTF-8/LC_COLLATE", O_RDONLY|O_CLOEXEC) = 5
383808 fstat(5, {st_mode=S_IFREG|0644, st_size=1518110, ...}) = 0
383808 mmap(NULL, 1518110, PROT_READ, MAP_PRIVATE, 5, 0) = 0x7f0885903000
383808 close(5)                         = 0
383808 openat(AT_FDCWD, "/usr/lib/locale/C.UTF-8/LC_TIME", O_RDONLY|O_CLOEXEC) = 5
383808 fstat(5, {st_mode=S_IFREG|0644, st_size=3360, ...}) = 0
383808 mmap(NULL, 3360, PROT_READ, MAP_PRIVATE, 5, 0) = 0x7f0886037000
383808 close(5)                         = 0
383808 openat(AT_FDCWD, "/usr/lib/locale/C.UTF-8/LC_NUMERIC", O_RDONLY|O_CLOEXEC) = 5
383808 fstat(5, {st_mode=S_IFREG|0644, st_size=50, ...}) = 0
383808 mmap(NULL, 50, PROT_READ, MAP_PRIVATE, 5, 0) = 0x7f0885902000
383808 close(5)                         = 0
383808 openat(AT_FDCWD, "/usr/lib/locale/C.UTF-8/LC_CTYPE", O_RDONLY|O_CLOEXEC) = 5
383808 fstat(5, {st_mode=S_IFREG|0644, st_size=201272, ...}) = 0
383808 mmap(NULL, 201272, PROT_READ, MAP_PRIVATE, 5, 0) = 0x7f08858d0000
383808 close(5)                         = 0
383808 ioctl(1, TCGETS, {B9600 opost isig icanon echo ...}) = 0
383808 ioctl(1, TIOCGWINSZ, {ws_row=37, ws_col=119, ws_xpixel=1430, ws_ypixel=895}) = 0
383808 openat(AT_FDCWD, ".", O_RDONLY|O_NONBLOCK|O_CLOEXEC|O_DIRECTORY) = 5
383808 fstat(5, {st_mode=S_IFDIR|0755, st_size=4096, ...}) = 0
383808 getdents64(5, /* 14 entries */, 32768) = 424
383808 getdents64(5, /* 0 entries */, 32768) = 0
383808 close(5)                         = 0
383808 fstat(1, {st_mode=S_IFCHR|0600, st_rdev=makedev(0x88, 0xa), ...}) = 0
383808 write(1, "Makefile  TODOLIST  build  file "..., 109) = 109
383808 close(1)                         = 0
383808 close(2)                         = 0
383808 exit_group(0)                    = ?
383808 +++ exited with 0 +++
383789 <... wait4 resumed>0x558a945d3014, WSTOPPED, NULL) = ? ERESTARTSYS (To be restarted if SA_RESTART is set)
383789 --- SIGCHLD {si_signo=SIGCHLD, si_code=CLD_EXITED, si_pid=383808, si_uid=0, si_status=0, si_utime=0, si_stime=0} ---
383789 wait4(383807,  <unfinished ...>
383807 <... read resumed>"", 131072)    = 0
383807 munmap(0x7fc0c32ae000, 139264)   = 0
383807 close(0)                         = 0
383807 close(1)                         = 0
383807 close(2)                         = 0
383807 exit_group(0)                    = ?
383807 +++ exited with 0 +++
383789 <... wait4 resumed>[{WIFEXITED(s) && WEXITSTATUS(s) == 0}], WSTOPPED, NULL) = 383807
383789 --- SIGCHLD {si_signo=SIGCHLD, si_code=CLD_EXITED, si_pid=383807, si_uid=0, si_status=0, si_utime=0, si_stime=0} ---
383789 rt_sigaction(SIGINT, {sa_handler=0x558a945c7c3b, sa_mask=[INT], sa_flags=SA_RESTORER|SA_RESTART, sa_restorer=0x7f44b5b4e090}, {sa_handler=SIG_IGN, sa_mask=[INT], sa_flags=SA_RESTORER|SA_RESTART, sa_restorer=0x7f44b5b4e090}, 8) = 0
383789 rt_sigaction(SIGQUIT, {sa_handler=0x558a945c7c3b, sa_mask=[QUIT], sa_flags=SA_RESTORER|SA_RESTART, sa_restorer=0x7f44b5b4e090}, {sa_handler=SIG_IGN, sa_mask=[QUIT], sa_flags=SA_RESTORER|SA_RESTART, sa_restorer=0x7f44b5b4e090}, 8) = 0
383789 getcwd("/root/42Projects/minishell", 1024) = 27
383789 ioctl(0, TIOCGWINSZ, {ws_row=37, ws_col=119, ws_xpixel=1430, ws_ypixel=895}) = 0
383789 ioctl(0, TIOCSWINSZ, {ws_row=37, ws_col=119, ws_xpixel=1430, ws_ypixel=895}) = 0
383789 ioctl(0, TCGETS, {B9600 opost isig icanon echo ...}) = 0
383789 ioctl(0, TCGETS, {B9600 opost isig icanon echo ...}) = 0
383789 ioctl(0, SNDCTL_TMR_STOP or TCSETSW, {B9600 opost isig -icanon -echo ...}) = 0
